Archive member included to satisfy reference by file (symbol)

c:/ac6/systemworkbench/plugins/fr.ac6.mcu.externaltools.arm-none.win32_1.16.0.201807130628/tools/compiler/bin/../lib/gcc/arm-none-eabi/7.2.1/thumb/v7e-m/fpv4-sp/hard\libgcc.a(_aeabi_uldivmod.o)
                              Drivers/STM32F4xx_HAL_Driver/Src/stm32f4xx_hal_rcc.o (__aeabi_uldivmod)
c:/ac6/systemworkbench/plugins/fr.ac6.mcu.externaltools.arm-none.win32_1.16.0.201807130628/tools/compiler/bin/../lib/gcc/arm-none-eabi/7.2.1/thumb/v7e-m/fpv4-sp/hard\libgcc.a(_udivmoddi4.o)
                              c:/ac6/systemworkbench/plugins/fr.ac6.mcu.externaltools.arm-none.win32_1.16.0.201807130628/tools/compiler/bin/../lib/gcc/arm-none-eabi/7.2.1/thumb/v7e-m/fpv4-sp/hard\libgcc.a(_aeabi_uldivmod.o) (__udivmoddi4)
c:/ac6/systemworkbench/plugins/fr.ac6.mcu.externaltools.arm-none.win32_1.16.0.201807130628/tools/compiler/bin/../lib/gcc/arm-none-eabi/7.2.1/thumb/v7e-m/fpv4-sp/hard\libgcc.a(_dvmd_tls.o)
                              c:/ac6/systemworkbench/plugins/fr.ac6.mcu.externaltools.arm-none.win32_1.16.0.201807130628/tools/compiler/bin/../lib/gcc/arm-none-eabi/7.2.1/thumb/v7e-m/fpv4-sp/hard\libgcc.a(_aeabi_uldivmod.o) (__aeabi_ldiv0)
c:/ac6/systemworkbench/plugins/fr.ac6.mcu.externaltools.arm-none.win32_1.16.0.201807130628/tools/compiler/bin/../lib/gcc/arm-none-eabi/7.2.1/../../../../arm-none-eabi/lib/thumb/v7e-m/fpv4-sp/hard\libc_nano.a(lib_a-errno.o)
                              Src/main.o (__errno)
c:/ac6/systemworkbench/plugins/fr.ac6.mcu.externaltools.arm-none.win32_1.16.0.201807130628/tools/compiler/bin/../lib/gcc/arm-none-eabi/7.2.1/../../../../arm-none-eabi/lib/thumb/v7e-m/fpv4-sp/hard\libc_nano.a(lib_a-exit.o)
                              c:/ac6/systemworkbench/plugins/fr.ac6.mcu.externaltools.arm-none.win32_1.16.0.201807130628/tools/compiler/bin/../lib/gcc/arm-none-eabi/7.2.1/../../../../arm-none-eabi/lib/thumb/v7e-m/fpv4-sp/hard/crt0.o (exit)
c:/ac6/systemworkbench/plugins/fr.ac6.mcu.externaltools.arm-none.win32_1.16.0.201807130628/tools/compiler/bin/../lib/gcc/arm-none-eabi/7.2.1/../../../../arm-none-eabi/lib/thumb/v7e-m/fpv4-sp/hard\libc_nano.a(lib_a-impure.o)
                              c:/ac6/systemworkbench/plugins/fr.ac6.mcu.externaltools.arm-none.win32_1.16.0.201807130628/tools/compiler/bin/../lib/gcc/arm-none-eabi/7.2.1/../../../../arm-none-eabi/lib/thumb/v7e-m/fpv4-sp/hard\libc_nano.a(lib_a-exit.o) (_global_impure_ptr)
c:/ac6/systemworkbench/plugins/fr.ac6.mcu.externaltools.arm-none.win32_1.16.0.201807130628/tools/compiler/bin/../lib/gcc/arm-none-eabi/7.2.1/../../../../arm-none-eabi/lib/thumb/v7e-m/fpv4-sp/hard\libc_nano.a(lib_a-init.o)
                              c:/ac6/systemworkbench/plugins/fr.ac6.mcu.externaltools.arm-none.win32_1.16.0.201807130628/tools/compiler/bin/../lib/gcc/arm-none-eabi/7.2.1/../../../../arm-none-eabi/lib/thumb/v7e-m/fpv4-sp/hard/crt0.o (__libc_init_array)
c:/ac6/systemworkbench/plugins/fr.ac6.mcu.externaltools.arm-none.win32_1.16.0.201807130628/tools/compiler/bin/../lib/gcc/arm-none-eabi/7.2.1/../../../../arm-none-eabi/lib/thumb/v7e-m/fpv4-sp/hard\libc_nano.a(lib_a-memcpy-stub.o)
                              Drivers/BSP/l6206/l6206.o (memcpy)
c:/ac6/systemworkbench/plugins/fr.ac6.mcu.externaltools.arm-none.win32_1.16.0.201807130628/tools/compiler/bin/../lib/gcc/arm-none-eabi/7.2.1/../../../../arm-none-eabi/lib/thumb/v7e-m/fpv4-sp/hard\libc_nano.a(lib_a-memset.o)
                              c:/ac6/systemworkbench/plugins/fr.ac6.mcu.externaltools.arm-none.win32_1.16.0.201807130628/tools/compiler/bin/../lib/gcc/arm-none-eabi/7.2.1/../../../../arm-none-eabi/lib/thumb/v7e-m/fpv4-sp/hard/crt0.o (memset)
c:/ac6/systemworkbench/plugins/fr.ac6.mcu.externaltools.arm-none.win32_1.16.0.201807130628/tools/compiler/bin/../lib/gcc/arm-none-eabi/7.2.1/../../../../arm-none-eabi/lib/thumb/v7e-m/fpv4-sp/hard\libc_nano.a(lib_a-printf.o)
                              Src/main.o (printf)
c:/ac6/systemworkbench/plugins/fr.ac6.mcu.externaltools.arm-none.win32_1.16.0.201807130628/tools/compiler/bin/../lib/gcc/arm-none-eabi/7.2.1/../../../../arm-none-eabi/lib/thumb/v7e-m/fpv4-sp/hard\libc_nano.a(lib_a-puts.o)
                              Src/main.o (puts)
c:/ac6/systemworkbench/plugins/fr.ac6.mcu.externaltools.arm-none.win32_1.16.0.201807130628/tools/compiler/bin/../lib/gcc/arm-none-eabi/7.2.1/../../../../arm-none-eabi/lib/thumb/v7e-m/fpv4-sp/hard\libc_nano.a(lib_a-wbuf.o)
                              c:/ac6/systemworkbench/plugins/fr.ac6.mcu.externaltools.arm-none.win32_1.16.0.201807130628/tools/compiler/bin/../lib/gcc/arm-none-eabi/7.2.1/../../../../arm-none-eabi/lib/thumb/v7e-m/fpv4-sp/hard\libc_nano.a(lib_a-puts.o) (__swbuf_r)
c:/ac6/systemworkbench/plugins/fr.ac6.mcu.externaltools.arm-none.win32_1.16.0.201807130628/tools/compiler/bin/../lib/gcc/arm-none-eabi/7.2.1/../../../../arm-none-eabi/lib/thumb/v7e-m/fpv4-sp/hard\libc_nano.a(lib_a-wsetup.o)
[...]
Memory Configuration

Name             Origin             Length             Attributes
RAM              0x20000000         0x00018000         xrw
FLASH            0x08000000         0x00080000         xr
*default*        0x00000000         0xffffffff

Linker script and memory map

LOAD c:/ac6/systemworkbench/plugins/fr.ac6.mcu.externaltools.arm-none.win32_1.16.0.201807130628/tools/compiler/bin/../lib/gcc/arm-none-eabi/7.2.1/thumb/v7e-m/fpv4-sp/hard/crti.o
LOAD c:/ac6/systemworkbench/plugins/fr.ac6.mcu.externaltools.arm-none.win32_1.16.0.201807130628/tools/compiler/bin/../lib/gcc/arm-none-eabi/7.2.1/thumb/v7e-m/fpv4-sp/hard/crtbegin.o
LOAD c:/ac6/systemworkbench/plugins/fr.ac6.mcu.externaltools.arm-none.win32_1.16.0.201807130628/tools/compiler/bin/../lib/gcc/arm-none-eabi/7.2.1/../../../../arm-none-eabi/lib/thumb/v7e-m/fpv4-sp/hard/crt0.o
LOAD Drivers/BSP/STM32F4xx-Nucleo/stm32f4xx_nucleo.o
LOAD Drivers/BSP/X-NUCLEO-IHMxx/x_nucleo_ihm04a1_stm32f4xx.o
LOAD Drivers/BSP/X-NUCLEO-IHMxx/x_nucleo_ihmxx.o
LOAD Drivers/BSP/l6206/l6206.o
LOAD Drivers/STM32F4xx_HAL_Driver/Src/stm32f4xx_hal.o
LOAD Drivers/STM32F4xx_HAL_Driver/Src/stm32f4xx_hal_cortex.o
LOAD Drivers/STM32F4xx_HAL_Driver/Src/stm32f4xx_hal_dma.o
LOAD Drivers/STM32F4xx_HAL_Driver/Src/stm32f4xx_hal_dma_ex.o
LOAD Drivers/STM32F4xx_HAL_Driver/Src/stm32f4xx_hal_flash.o
LOAD Drivers/STM32F4xx_HAL_Driver/Src/stm32f4xx_hal_flash_ex.o
LOAD Drivers/STM32F4xx_HAL_Driver/Src/stm32f4xx_hal_flash_ramfunc.o
LOAD Drivers/STM32F4xx_HAL_Driver/Src/stm32f4xx_hal_gpio.o
LOAD Drivers/STM32F4xx_HAL_Driver/Src/stm32f4xx_hal_pwr.o
LOAD Drivers/STM32F4xx_HAL_Driver/Src/stm32f4xx_hal_pwr_ex.o
LOAD Drivers/STM32F4xx_HAL_Driver/Src/stm32f4xx_hal_rcc.o
LOAD Drivers/STM32F4xx_HAL_Driver/Src/stm32f4xx_hal_rcc_ex.o
LOAD Drivers/STM32F4xx_HAL_Driver/Src/stm32f4xx_hal_tim.o
LOAD Drivers/STM32F4xx_HAL_Driver/Src/stm32f4xx_hal_tim_ex.o
LOAD Drivers/STM32F4xx_HAL_Driver/Src/stm32f4xx_hal_uart.o
LOAD Src/main.o
LOAD Src/stm32f4xx_hal_msp.o
LOAD Src/stm32f4xx_it.o
LOAD Src/system_stm32f4xx.o
LOAD startup/startup_stm32f401xe.o
LOAD c:/ac6/systemworkbench/plugins/fr.ac6.mcu.externaltools.arm-none.win32_1.16.0.201807130628/tools/compiler/bin/../lib/gcc/arm-none-eabi/7.2.1/../../../../arm-none-eabi/lib/thumb/v7e-m/fpv4-sp/hard\libm.a
START GROUP
LOAD c:/ac6/systemworkbench/plugins/fr.ac6.mcu.externaltools.arm-none.win32_1.16.0.201807130628/tools/compiler/bin/../lib/gcc/arm-none-eabi/7.2.1/thumb/v7e-m/fpv4-sp/hard\libgcc.a
LOAD c:/ac6/systemworkbench/plugins/fr.ac6.mcu.externaltools.arm-none.win32_1.16.0.201807130628/tools/compiler/bin/../lib/gcc/arm-none-eabi/7.2.1/../../../../arm-none-eabi/lib/thumb/v7e-m/fpv4-sp/hard\libc_nano.a
END GROUP
START GROUP
LOAD c:/ac6/systemworkbench/plugins/fr.ac6.mcu.externaltools.arm-none.win32_1.16.0.201807130628/tools/compiler/bin/../lib/gcc/arm-none-eabi/7.2.1/thumb/v7e-m/fpv4-sp/hard\libgcc.a
LOAD c:/ac6/systemworkbench/plugins/fr.ac6.mcu.externaltools.arm-none.win32_1.16.0.201807130628/tools/compiler/bin/../lib/gcc/arm-none-eabi/7.2.1/../../../../arm-none-eabi/lib/thumb/v7e-m/fpv4-sp/hard\libc_nano.a
LOAD c:/ac6/systemworkbench/plugins/fr.ac6.mcu.externaltools.arm-none.win32_1.16.0.201807130628/tools/compiler/bin/../lib/gcc/arm-none-eabi/7.2.1/../../../../arm-none-eabi/lib/thumb/v7e-m/fpv4-sp/hard\libnosys.a
END GROUP
START GROUP
LOAD c:/ac6/systemworkbench/plugins/fr.ac6.mcu.externaltools.arm-none.win32_1.16.0.201807130628/tools/compiler/bin/../lib/gcc/arm-none-eabi/7.2.1/thumb/v7e-m/fpv4-sp/hard\libgcc.a
LOAD c:/ac6/systemworkbench/plugins/fr.ac6.mcu.externaltools.arm-none.win32_1.16.0.201807130628/tools/compiler/bin/../lib/gcc/arm-none-eabi/7.2.1/../../../../arm-none-eabi/lib/thumb/v7e-m/fpv4-sp/hard\libc_nano.a
LOAD c:/ac6/systemworkbench/plugins/fr.ac6.mcu.externaltools.arm-none.win32_1.16.0.201807130628/tools/compiler/bin/../lib/gcc/arm-none-eabi/7.2.1/../../../../arm-none-eabi/lib/thumb/v7e-m/fpv4-sp/hard\libnosys.a
END GROUP
LOAD c:/ac6/systemworkbench/plugins/fr.ac6.mcu.externaltools.arm-none.win32_1.16.0.201807130628/tools/compiler/bin/../lib/gcc/arm-none-eabi/7.2.1/thumb/v7e-m/fpv4-sp/hard/crtend.o
LOAD c:/ac6/systemworkbench/plugins/fr.ac6.mcu.externaltools.arm-none.win32_1.16.0.201807130628/tools/compiler/bin/../lib/gcc/arm-none-eabi/7.2.1/thumb/v7e-m/fpv4-sp/hard/crtn.o
                0x20018000                _estack = 0x20018000
                0x00000200                _Min_Heap_Size = 0x200
                0x00000400                _Min_Stack_Size = 0x400

.isr_vector     0x08000000      0x194
                0x08000000                . = ALIGN (0x4)
 *(.isr_vector)
 .isr_vector    0x08000000      0x194 startup/startup_stm32f401xe.o
                0x08000000                g_pfnVectors
                0x08000194                . = ALIGN (0x4)

.text           0x080001a0     0x587c
                0x080001a0                . = ALIGN (0x4)
 *(.text)
 .text          0x080001a0       0x40 c:/ac6/systemworkbench/plugins/fr.ac6.mcu.externaltools.arm-none.win32_1.16.0.201807130628/tools/compiler/bin/../lib/gcc/arm-none-eabi/7.2.1/thumb/v7e-m/fpv4-sp/hard/crtbegin.o
 .text          0x080001e0       0x30 c:/ac6/systemworkbench/plugins/fr.ac6.mcu.externaltools.arm-none.win32_1.16.0.201807130628/tools/compiler/bin/../lib/gcc/arm-none-eabi/7.2.1/thumb/v7e-m/fpv4-sp/hard\libgcc.a(_aeabi_uldivmod.o)
                0x080001e0                __aeabi_uldivmod
 .text          0x08000210      0x2cc c:/ac6/systemworkbench/plugins/fr.ac6.mcu.externaltools.arm-none.win32_1.16.0.201807130628/tools/compiler/bin/../lib/gcc/arm-none-eabi/7.2.1/thumb/v7e-m/fpv4-sp/hard\libgcc.a(_udivmoddi4.o)
                0x08000210                __udivmoddi4
 .text          0x080004dc        0x4 c:/ac6/systemworkbench/plugins/fr.ac6.mcu.externaltools.arm-none.win32_1.16.0.201807130628/tools/compiler/bin/../lib/gcc/arm-none-eabi/7.2.1/thumb/v7e-m/fpv4-sp/hard\libgcc.a(_dvmd_tls.o)
                0x080004dc                __aeabi_idiv0
                0x080004dc                __aeabi_ldiv0
 .text          0x080004e0       0xa0 c:/ac6/systemworkbench/plugins/fr.ac6.mcu.externaltools.arm-none.win32_1.16.0.201807130628/tools/compiler/bin/../lib/gcc/arm-none-eabi/7.2.1/../../../../arm-none-eabi/lib/thumb/v7e-m/fpv4-sp/hard\libc_nano.a(lib_a-memchr.o)
                0x080004e0                memchr
 *(.text*)
 .text.BSP_PB_Init
                0x08000580       0xac Drivers/BSP/STM32F4xx-Nucleo/stm32f4xx_nucleo.o
                0x08000580                BSP_PB_Init
 .text.L6206_Board_DisableBridge
                0x0800062c       0x6c Drivers/BSP/X-NUCLEO-IHMxx/x_nucleo_ihm04a1_stm32f4xx.o
                0x0800062c                L6206_Board_DisableBridge
 .text.L6206_Board_EnableBridge
                0x08000698       0x9c Drivers/BSP/X-NUCLEO-IHMxx/x_nucleo_ihm04a1_stm32f4xx.o
                0x08000698                L6206_Board_EnableBridge
 .text.L6206_Board_GetFlagPinState
                0x08000734       0x44 Drivers/BSP/X-NUCLEO-IHMxx/x_nucleo_ihm04a1_stm32f4xx.o
                0x08000734                L6206_Board_GetFlagPinState
 .text.L6206_Board_GpioInit
                0x08000778       0xe0 Drivers/BSP/X-NUCLEO-IHMxx/x_nucleo_ihm04a1_stm32f4xx.o
                0x08000778                L6206_Board_GpioInit
 .text.L6206_Board_PwmDeInit
                0x08000858       0x88 Drivers/BSP/X-NUCLEO-IHMxx/x_nucleo_ihm04a1_stm32f4xx.o
                0x08000858                L6206_Board_PwmDeInit
 .text.L6206_Board_PwmInit
                0x080008e0       0xe0 Drivers/BSP/X-NUCLEO-IHMxx/x_nucleo_ihm04a1_stm32f4xx.o
                0x080008e0                L6206_Board_PwmInit
 .text.L6206_Board_PwmSetFreq
                0x080009c0       0xec Drivers/BSP/X-NUCLEO-IHMxx/x_nucleo_ihm04a1_stm32f4xx.o
                0x080009c0                L6206_Board_PwmSetFreq
 .text.L6206_Board_PwmStop
                0x08000aac       0x6c Drivers/BSP/X-NUCLEO-IHMxx/x_nucleo_ihm04a1_stm32f4xx.o
                0x08000aac                L6206_Board_PwmStop
 .text.L6474_GetMotorHandle
                0x08000b18       0x10 Drivers/BSP/X-NUCLEO-IHMxx/x_nucleo_ihmxx.o
                0x08000b18                L6474_GetMotorHandle
 .text.l647x_GetMotorHandle
                0x08000b28       0x10 Drivers/BSP/X-NUCLEO-IHMxx/x_nucleo_ihmxx.o
                0x08000b28                l647x_GetMotorHandle
 .text.l648x_GetMotorHandle
                0x08000b38       0x10 Drivers/BSP/X-NUCLEO-IHMxx/x_nucleo_ihmxx.o
                0x08000b38                l648x_GetMotorHandle
 .text.Powerstep01_GetMotorHandle
                0x08000b48       0x10 Drivers/BSP/X-NUCLEO-IHMxx/x_nucleo_ihmxx.o
                0x08000b48                Powerstep01_GetMotorHandle
 .text.L6208_GetMotorHandle
                0x08000b58       0x10 Drivers/BSP/X-NUCLEO-IHMxx/x_nucleo_ihmxx.o
                0x08000b58                L6208_GetMotorHandle
 .text.Stspin220_GetMotorHandle
                0x08000b68       0x10 Drivers/BSP/X-NUCLEO-IHMxx/x_nucleo_ihmxx.o
                0x08000b68                Stspin220_GetMotorHandle
 .text.Stspin240_250_GetMotorHandle
                0x08000b78       0x10 Drivers/BSP/X-NUCLEO-IHMxx/x_nucleo_ihmxx.o
                0x08000b78                Stspin240_250_GetMotorHandle
 .text.BSP_MotorControl_AttachErrorHandler
                0x08000b88       0x3c Drivers/BSP/X-NUCLEO-IHMxx/x_nucleo_ihmxx.o
                0x08000b88                BSP_MotorControl_AttachErrorHandler
 .text.BSP_MotorControl_AttachFlagInterrupt
                0x08000bc4       0x3c Drivers/BSP/X-NUCLEO-IHMxx/x_nucleo_ihmxx.o
                0x08000bc4                BSP_MotorControl_AttachFlagInterrupt
 .text.BSP_MotorControl_ErrorHandler
                0x08000c00       0x3c Drivers/BSP/X-NUCLEO-IHMxx/x_nucleo_ihmxx.o
                0x08000c00                BSP_MotorControl_ErrorHandler
 .text.BSP_MotorControl_Init
                0x08000c3c       0x40 Drivers/BSP/X-NUCLEO-IHMxx/x_nucleo_ihmxx.o
                0x08000c3c                BSP_MotorControl_Init
 .text.BSP_MotorControl_FlagInterruptHandler
                0x08000c7c       0x30 Drivers/BSP/X-NUCLEO-IHMxx/x_nucleo_ihmxx.o
                0x08000c7c                BSP_MotorControl_FlagInterruptHandler
 .text.BSP_MotorControl_GetDeviceState
                0x08000cac       0x48 Drivers/BSP/X-NUCLEO-IHMxx/x_nucleo_ihmxx.o
                0x08000cac                BSP_MotorControl_GetDeviceState
 .text.BSP_MotorControl_HardStop
                0x08000cf4       0x40 Drivers/BSP/X-NUCLEO-IHMxx/x_nucleo_ihmxx.o
                0x08000cf4                BSP_MotorControl_HardStop
 .text.BSP_MotorControl_Run
                0x08000d34       0x48 Drivers/BSP/X-NUCLEO-IHMxx/x_nucleo_ihmxx.o
                0x08000d34                BSP_MotorControl_Run
 .text.BSP_MotorControl_SetMaxSpeed
                0x08000d7c       0x50 Drivers/BSP/X-NUCLEO-IHMxx/x_nucleo_ihmxx.o
                0x08000d7c                BSP_MotorControl_SetMaxSpeed
 .text.BSP_MotorControl_CmdGetStatus
                0x08000dcc       0x4c Drivers/BSP/X-NUCLEO-IHMxx/x_nucleo_ihmxx.o
                0x08000dcc                BSP_MotorControl_CmdGetStatus
 .text.BSP_MotorControl_SetDualFullBridgeConfig
                0x08000e18       0x44 Drivers/BSP/X-NUCLEO-IHMxx/x_nucleo_ihmxx.o
                0x08000e18                BSP_MotorControl_SetDualFullBridgeConfig
 .text.BSP_MotorControl_SetBridgeInputPwmFreq
                0x08000e5c       0x48 Drivers/BSP/X-NUCLEO-IHMxx/x_nucleo_ihmxx.o
                0x08000e5c                BSP_MotorControl_SetBridgeInputPwmFreq
 .text.BSP_MotorControl_SetNbDevices
                0x08000ea4      0x11c Drivers/BSP/X-NUCLEO-IHMxx/x_nucleo_ihmxx.o
                0x08000ea4                BSP_MotorControl_SetNbDevices
 .text.L6206_AttachErrorHandler
                0x08000fc0       0x20 Drivers/BSP/l6206/l6206.o
                0x08000fc0                L6206_AttachErrorHandler
 .text.L6206_AttachFlagInterrupt
                0x08000fe0       0x20 Drivers/BSP/l6206/l6206.o
                0x08000fe0                L6206_AttachFlagInterrupt
 .text.L6206_DisableBridge
                0x08001000       0x58 Drivers/BSP/l6206/l6206.o
                0x08001000                L6206_DisableBridge
 .text.L6206_EnableBridge
                0x08001058       0x68 Drivers/BSP/l6206/l6206.o
                0x08001058                L6206_EnableBridge
 .text.L6206_Init
                0x080010c0       0x44 Drivers/BSP/l6206/l6206.o
                0x080010c0                L6206_Init
 .text.L6206_GetBridgeInputPwmFreq
                0x08001104       0x28 Drivers/BSP/l6206/l6206.o
                0x08001104                L6206_GetBridgeInputPwmFreq
 .text.L6206_GetCurrentSpeed
                0x0800112c       0x58 Drivers/BSP/l6206/l6206.o
                0x0800112c                L6206_GetCurrentSpeed
 .text.L6206_GetDeviceState
                0x08001184       0x48 Drivers/BSP/l6206/l6206.o
                0x08001184                L6206_GetDeviceState
 .text.L6206_GetFwVersion
                0x080011cc       0x10 Drivers/BSP/l6206/l6206.o
                0x080011cc                L6206_GetFwVersion
 .text.L6206_GetMaxSpeed
                0x080011dc       0x48 Drivers/BSP/l6206/l6206.o
                0x080011dc                L6206_GetMaxSpeed
 .text.L6206_GetMotorHandle
                0x08001224       0x14 Drivers/BSP/l6206/l6206.o
                0x08001224                L6206_GetMotorHandle
 .text.L6206_GetBridgeStatus
                0x08001238       0x20 Drivers/BSP/l6206/l6206.o
                0x08001238                L6206_GetBridgeStatus
 .text.L6206_HardHiz
                0x08001258      0x194 Drivers/BSP/l6206/l6206.o
                0x08001258                L6206_HardHiz
 .text.L6206_HardStop
                0x080013ec       0x84 Drivers/BSP/l6206/l6206.o
                0x080013ec                L6206_HardStop
 .text.L6206_ReadId
                0x08001470       0x18 Drivers/BSP/l6206/l6206.o
                0x08001470                L6206_ReadId
 .text.L6206_Run
                0x08001488      0x118 Drivers/BSP/l6206/l6206.o
                0x08001488                L6206_Run
 .text.L6206_SetDualFullBridgeConfig
                0x080015a0      0x118 Drivers/BSP/l6206/l6206.o
                0x080015a0                L6206_SetDualFullBridgeConfig
 .text.L6206_SetMaxSpeed
                0x080016b8       0xc4 Drivers/BSP/l6206/l6206.o
                0x080016b8                L6206_SetMaxSpeed
 .text.L6206_SetBridgeInputPwmFreq
                0x0800177c       0xec Drivers/BSP/l6206/l6206.o
                0x0800177c                L6206_SetBridgeInputPwmFreq
 .text.L6206_SetNbDevices
                0x08001868       0x22 Drivers/BSP/l6206/l6206.o
                0x08001868                L6206_SetNbDevices
 *fill*         0x0800188a        0x2 
 .text.L6206_ErrorHandler
                0x0800188c       0x2c Drivers/BSP/l6206/l6206.o
                0x0800188c                L6206_ErrorHandler
 .text.L6206_FlagInterruptHandler
                0x080018b8       0x60 Drivers/BSP/l6206/l6206.o
                0x080018b8                L6206_FlagInterruptHandler
 .text.L6206_GetBridgeIdUsedByMotorId
                0x08001918       0x78 Drivers/BSP/l6206/l6206.o
                0x08001918                L6206_GetBridgeIdUsedByMotorId
 .text.L6206_GetMotorIdUsingbridgeInput
                0x08001990       0xec Drivers/BSP/l6206/l6206.o
                0x08001990                L6206_GetMotorIdUsingbridgeInput
 .text.L6206_GetBridgeInputUsedByMotorId
                0x08001a7c      0x1dc Drivers/BSP/l6206/l6206.o
                0x08001a7c                L6206_GetBridgeInputUsedByMotorId
 .text.L6206_GetSecondBridgeInputUsedByMotorId
                0x08001c58      0x13c Drivers/BSP/l6206/l6206.o
                0x08001c58                L6206_GetSecondBridgeInputUsedByMotorId
 .text.L6206_IsBidirectionnalMotor
                0x08001d94       0x98 Drivers/BSP/l6206/l6206.o
                0x08001d94                L6206_IsBidirectionnalMotor
 .text.L6206_SetDeviceParamsToPredefinedValues
                0x08001e2c       0x98 Drivers/BSP/l6206/l6206.o
                0x08001e2c                L6206_SetDeviceParamsToPredefinedValues
 .text.L6206_SetDeviceParamsToGivenValues
                0x08001ec4       0x20 Drivers/BSP/l6206/l6206.o
                0x08001ec4                L6206_SetDeviceParamsToGivenValues
 .text.HAL_Init
                0x08001ee4       0x44 Drivers/STM32F4xx_HAL_Driver/Src/stm32f4xx_hal.o
                0x08001ee4                HAL_Init
 .text.HAL_InitTick
                0x08001f28       0x60 Drivers/STM32F4xx_HAL_Driver/Src/stm32f4xx_hal.o
                0x08001f28                HAL_InitTick
 .text.HAL_IncTick
                0x08001f88       0x28 Drivers/STM32F4xx_HAL_Driver/Src/stm32f4xx_hal.o
                0x08001f88                HAL_IncTick
 .text.HAL_GetTick
                0x08001fb0       0x18 Drivers/STM32F4xx_HAL_Driver/Src/stm32f4xx_hal.o
                0x08001fb0                HAL_GetTick
 .text.HAL_Delay
                0x08001fc8       0x44 Drivers/STM32F4xx_HAL_Driver/Src/stm32f4xx_hal.o
                0x08001fc8                HAL_Delay
 .text.NVIC_SetPriorityGrouping
                0x0800200c       0x48 Drivers/STM32F4xx_HAL_Driver/Src/stm32f4xx_hal_cortex.o
 .text.NVIC_GetPriorityGrouping
                0x08002054       0x1c Drivers/STM32F4xx_HAL_Driver/Src/stm32f4xx_hal_cortex.o
 .text.NVIC_EnableIRQ
                0x08002070       0x34 Drivers/STM32F4xx_HAL_Driver/Src/stm32f4xx_hal_cortex.o
 .text.NVIC_ClearPendingIRQ
                0x080020a4       0x34 Drivers/STM32F4xx_HAL_Driver/Src/stm32f4xx_hal_cortex.o
 .text.NVIC_SetPriority
                0x080020d8       0x54 Drivers/STM32F4xx_HAL_Driver/Src/stm32f4xx_hal_cortex.o
 .text.NVIC_EncodePriority
                0x0800212c       0x66 Drivers/STM32F4xx_HAL_Driver/Src/stm32f4xx_hal_cortex.o
 *fill*         0x08002192        0x2 
 .text.SysTick_Config
                0x08002194       0x44 Drivers/STM32F4xx_HAL_Driver/Src/stm32f4xx_hal_cortex.o
 .text.HAL_NVIC_SetPriorityGrouping
                0x080021d8       0x16 Drivers/STM32F4xx_HAL_Driver/Src/stm32f4xx_hal_cortex.o
                0x080021d8                HAL_NVIC_SetPriorityGrouping
 .text.HAL_NVIC_SetPriority
                0x080021ee       0x38 Drivers/STM32F4xx_HAL_Driver/Src/stm32f4xx_hal_cortex.o
                0x080021ee                HAL_NVIC_SetPriority
 .text.HAL_NVIC_EnableIRQ
                0x08002226       0x1c Drivers/STM32F4xx_HAL_Driver/Src/stm32f4xx_hal_cortex.o
                0x08002226                HAL_NVIC_EnableIRQ
 .text.HAL_SYSTICK_Config
                0x08002242       0x18 Drivers/STM32F4xx_HAL_Driver/Src/stm32f4xx_hal_cortex.o
                0x08002242                HAL_SYSTICK_Config
 .text.HAL_NVIC_ClearPendingIRQ
                0x0800225a       0x1c Drivers/STM32F4xx_HAL_Driver/Src/stm32f4xx_hal_cortex.o
                0x0800225a                HAL_NVIC_ClearPendingIRQ
 *fill*         0x08002276        0x2 
 .text.HAL_SYSTICK_CLKSourceConfig
                0x08002278       0x38 Drivers/STM32F4xx_HAL_Driver/Src/stm32f4xx_hal_cortex.o
                0x08002278                HAL_SYSTICK_CLKSourceConfig
 .text.HAL_SYSTICK_IRQHandler
                0x080022b0        0xc Drivers/STM32F4xx_HAL_Driver/Src/stm32f4xx_hal_cortex.o
                0x080022b0                HAL_SYSTICK_IRQHandler
 .text.HAL_SYSTICK_Callback
                0x080022bc        0xe Drivers/STM32F4xx_HAL_Driver/Src/stm32f4xx_hal_cortex.o
                0x080022bc                HAL_SYSTICK_Callback
 *fill*         0x080022ca        0x2 
 .text.HAL_GPIO_Init
                0x080022cc      0x304 Drivers/STM32F4xx_HAL_Driver/Src/stm32f4xx_hal_gpio.o
                0x080022cc                HAL_GPIO_Init
 .text.HAL_GPIO_ReadPin
                0x080025d0       0x30 Drivers/STM32F4xx_HAL_Driver/Src/stm32f4xx_hal_gpio.o
                0x080025d0                HAL_GPIO_ReadPin
 .text.HAL_GPIO_WritePin
                0x08002600       0x32 Drivers/STM32F4xx_HAL_Driver/Src/stm32f4xx_hal_gpio.o
                0x08002600                HAL_GPIO_WritePin
 *fill*         0x08002632        0x2 
 .text.HAL_GPIO_EXTI_IRQHandler
                0x08002634       0x30 Drivers/STM32F4xx_HAL_Driver/Src/stm32f4xx_hal_gpio.o
                0x08002634                HAL_GPIO_EXTI_IRQHandler
 .text.HAL_RCC_OscConfig
                0x08002664      0x484 Drivers/STM32F4xx_HAL_Driver/Src/stm32f4xx_hal_rcc.o
                0x08002664                HAL_RCC_OscConfig
 .text.HAL_RCC_ClockConfig
                0x08002ae8      0x1c4 Drivers/STM32F4xx_HAL_Driver/Src/stm32f4xx_hal_rcc.o
                0x08002ae8                HAL_RCC_ClockConfig
 .text.HAL_RCC_GetSysClockFreq
                0x08002cac      0x1b0 Drivers/STM32F4xx_HAL_Driver/Src/stm32f4xx_hal_rcc.o
                0x08002cac                HAL_RCC_GetSysClockFreq
 .text.HAL_RCC_GetHCLKFreq
                0x08002e5c       0x18 Drivers/STM32F4xx_HAL_Driver/Src/stm32f4xx_hal_rcc.o
                0x08002e5c                HAL_RCC_GetHCLKFreq
 .text.HAL_RCC_GetPCLK1Freq
                0x08002e74       0x28 Drivers/STM32F4xx_HAL_Driver/Src/stm32f4xx_hal_rcc.o
                0x08002e74                HAL_RCC_GetPCLK1Freq
 .text.HAL_RCC_GetPCLK2Freq
                0x08002e9c       0x28 Drivers/STM32F4xx_HAL_Driver/Src/stm32f4xx_hal_rcc.o
                0x08002e9c                HAL_RCC_GetPCLK2Freq
 .text.HAL_TIM_PWM_Init
                0x08002ec4       0x56 Drivers/STM32F4xx_HAL_Driver/Src/stm32f4xx_hal_tim.o
                0x08002ec4                HAL_TIM_PWM_Init
 .text.HAL_TIM_PWM_DeInit
                0x08002f1a       0x60 Drivers/STM32F4xx_HAL_Driver/Src/stm32f4xx_hal_tim.o
                0x08002f1a                HAL_TIM_PWM_DeInit
 *fill*         0x08002f7a        0x2 
 .text.HAL_TIM_PWM_Start
                0x08002f7c       0x50 Drivers/STM32F4xx_HAL_Driver/Src/stm32f4xx_hal_tim.o
                0x08002f7c                HAL_TIM_PWM_Start
 .text.HAL_TIM_PWM_Stop
                0x08002fcc       0x98 Drivers/STM32F4xx_HAL_Driver/Src/stm32f4xx_hal_tim.o
                0x08002fcc                HAL_TIM_PWM_Stop
 .text.HAL_TIM_PWM_ConfigChannel
                0x08003064      0x18c Drivers/STM32F4xx_HAL_Driver/Src/stm32f4xx_hal_tim.o
                0x08003064                HAL_TIM_PWM_ConfigChannel
 .text.TIM_Base_SetConfig
                0x080031f0      0x108 Drivers/STM32F4xx_HAL_Driver/Src/stm32f4xx_hal_tim.o
                0x080031f0                TIM_Base_SetConfig
 .text.TIM_OC2_SetConfig
                0x080032f8       0xdc Drivers/STM32F4xx_HAL_Driver/Src/stm32f4xx_hal_tim.o
                0x080032f8                TIM_OC2_SetConfig
 .text.TIM_CCxChannelCmd
                0x080033d4       0x46 Drivers/STM32F4xx_HAL_Driver/Src/stm32f4xx_hal_tim.o
                0x080033d4                TIM_CCxChannelCmd
 *fill*         0x0800341a        0x2 
 .text.TIM_OC1_SetConfig
                0x0800341c       0xd0 Drivers/STM32F4xx_HAL_Driver/Src/stm32f4xx_hal_tim.o
 .text.TIM_OC3_SetConfig
                0x080034ec       0xd8 Drivers/STM32F4xx_HAL_Driver/Src/stm32f4xx_hal_tim.o
 .text.TIM_OC4_SetConfig
                0x080035c4       0xac Drivers/STM32F4xx_HAL_Driver/Src/stm32f4xx_hal_tim.o
 .text.HAL_TIMEx_MasterConfigSynchronization
                0x08003670       0x8a Drivers/STM32F4xx_HAL_Driver/Src/stm32f4xx_hal_tim_ex.o
                0x08003670                HAL_TIMEx_MasterConfigSynchronization
 .text.HAL_UART_Init
                0x080036fa       0x9a Drivers/STM32F4xx_HAL_Driver/Src/stm32f4xx_hal_uart.o
                0x080036fa                HAL_UART_Init
 .text.HAL_UART_Transmit
                0x08003794      0x132 Drivers/STM32F4xx_HAL_Driver/Src/stm32f4xx_hal_uart.o
                0x08003794                HAL_UART_Transmit
 .text.UART_WaitOnFlagUntilTimeout
                0x080038c6       0x94 Drivers/STM32F4xx_HAL_Driver/Src/stm32f4xx_hal_uart.o
 *fill*         0x0800395a        0x2 
 .text.UART_SetConfig
                0x0800395c      0x438 Drivers/STM32F4xx_HAL_Driver/Src/stm32f4xx_hal_uart.o
 .text._write   0x08003d94       0x58 Src/main.o
                0x08003d94                _write
 .text.avance   0x08003dec       0xb2 Src/main.o
                0x08003dec                avance
 .text.recul    0x08003e9e       0xb2 Src/main.o
                0x08003e9e                recul
 .text.tourne   0x08003f50       0xba Src/main.o
                0x08003f50                tourne
 *fill*         0x0800400a        0x2 
 .text.main     0x0800400c      0x124 Src/main.o
                0x0800400c                main
 .text.SystemClock_Config
                0x08004130       0xf4 Src/main.o
                0x08004130                SystemClock_Config
 .text.MX_TIM2_Init
                0x08004224       0xc0 Src/main.o
 .text.MX_TIM3_Init
                0x080042e4       0xc0 Src/main.o
 .text.MX_USART2_UART_Init
                0x080043a4       0x5c Src/main.o
 .text.MX_GPIO_Init
                0x08004400      0x114 Src/main.o
 .text.MyFlagInterruptHandler
                0x08004514       0x32 Src/main.o
 *fill*         0x08004546        0x2 
 .text.my_Error_Handler
                0x08004548       0x24 Src/main.o
                0x08004548                my_Error_Handler
 .text.ButtonHandler
                0x0800456c       0x2c Src/main.o
                0x0800456c                ButtonHandler
 .text._Error_Handler
                0x08004598        0xc Src/main.o
                0x08004598                _Error_Handler
 .text.HAL_MspInit
                0x080045a4       0xa4 Src/stm32f4xx_hal_msp.o
                0x080045a4                HAL_MspInit
 .text.HAL_TIM_PWM_MspInit
                0x08004648      0x1ac Src/stm32f4xx_hal_msp.o
                0x08004648                HAL_TIM_PWM_MspInit
 .text.HAL_TIM_MspPostInit
                0x080047f4       0x74 Src/stm32f4xx_hal_msp.o
                0x080047f4                HAL_TIM_MspPostInit
 .text.HAL_TIM_PWM_MspDeInit
                0x08004868       0x4c Src/stm32f4xx_hal_msp.o
                0x08004868                HAL_TIM_PWM_MspDeInit
 .text.HAL_UART_MspInit
                0x080048b4       0x64 Src/stm32f4xx_hal_msp.o
                0x080048b4                HAL_UART_MspInit
 .text.HAL_GPIO_EXTI_Callback
                0x08004918       0x30 Src/stm32f4xx_hal_msp.o
                0x08004918                HAL_GPIO_EXTI_Callback
 .text.NMI_Handler
                0x08004948        0xe Src/stm32f4xx_it.o
                0x08004948                NMI_Handler
 .text.HardFault_Handler
                0x08004956        0x6 Src/stm32f4xx_it.o
                0x08004956                HardFault_Handler
 .text.MemManage_Handler
                0x0800495c        0x6 Src/stm32f4xx_it.o
                0x0800495c                MemManage_Handler
 .text.BusFault_Handler
                0x08004962        0x6 Src/stm32f4xx_it.o
                0x08004962                BusFault_Handler
 .text.UsageFault_Handler
                0x08004968        0x6 Src/stm32f4xx_it.o
                0x08004968                UsageFault_Handler
 .text.SVC_Handler
                0x0800496e        0xe Src/stm32f4xx_it.o
                0x0800496e                SVC_Handler
 .text.DebugMon_Handler
                0x0800497c        0xe Src/stm32f4xx_it.o
                0x0800497c                DebugMon_Handler
 .text.PendSV_Handler
                0x0800498a        0xe Src/stm32f4xx_it.o
                0x0800498a                PendSV_Handler
 .text.SysTick_Handler
                0x08004998       0x10 Src/stm32f4xx_it.o
                0x08004998                SysTick_Handler
 .text.EXTI1_IRQHandler
                0x080049a8        0xe Src/stm32f4xx_it.o
                0x080049a8                EXTI1_IRQHandler
 .text.EXTI15_10_IRQHandler
                0x080049b6       0x18 Src/stm32f4xx_it.o
                0x080049b6                EXTI15_10_IRQHandler
 *fill*         0x080049ce        0x2 
 .text.SystemInit
                0x080049d0       0x6c Src/system_stm32f4xx.o
                0x080049d0                SystemInit
 .text.Reset_Handler
                0x08004a3c       0x50 startup/startup_stm32f401xe.o
                0x08004a3c                Reset_Handler
 .text.Default_Handler
                0x08004a8c        0x2 startup/startup_stm32f401xe.o
                0x08004a8c                RTC_Alarm_IRQHandler
                0x08004a8c                EXTI2_IRQHandler
                0x08004a8c                SPI4_IRQHandler
                0x08004a8c                TIM1_CC_IRQHandler
                0x08004a8c                DMA2_Stream5_IRQHandler
                0x08004a8c                DMA1_Stream5_IRQHandler
                0x08004a8c                PVD_IRQHandler
                0x08004a8c                SDIO_IRQHandler
                0x08004a8c                TAMP_STAMP_IRQHandler
                0x08004a8c                EXTI3_IRQHandler
                0x08004a8c                TIM1_UP_TIM10_IRQHandler
                0x08004a8c                I2C3_ER_IRQHandler
                0x08004a8c                EXTI0_IRQHandler
                0x08004a8c                I2C2_EV_IRQHandler
                0x08004a8c                DMA1_Stream2_IRQHandler
                0x08004a8c                FPU_IRQHandler
                0x08004a8c                DMA2_Stream2_IRQHandler
                0x08004a8c                SPI1_IRQHandler
                0x08004a8c                TIM1_BRK_TIM9_IRQHandler
                0x08004a8c                DMA2_Stream3_IRQHandler
                0x08004a8c                USART6_IRQHandler
                0x08004a8c                DMA2_Stream0_IRQHandler
                0x08004a8c                TIM4_IRQHandler
                0x08004a8c                I2C1_EV_IRQHandler
                0x08004a8c                DMA1_Stream6_IRQHandler
                0x08004a8c                DMA1_Stream1_IRQHandler
                0x08004a8c                TIM3_IRQHandler
                0x08004a8c                RCC_IRQHandler
                0x08004a8c                Default_Handler
                0x08004a8c                ADC_IRQHandler
                0x08004a8c                DMA1_Stream7_IRQHandler
                0x08004a8c                TIM5_IRQHandler
                0x08004a8c                DMA2_Stream7_IRQHandler
                0x08004a8c                I2C3_EV_IRQHandler
                0x08004a8c                EXTI9_5_IRQHandler
                0x08004a8c                RTC_WKUP_IRQHandler
                0x08004a8c                SPI2_IRQHandler
                0x08004a8c                DMA1_Stream0_IRQHandler
                0x08004a8c                EXTI4_IRQHandler
                0x08004a8c                WWDG_IRQHandler
                0x08004a8c                TIM2_IRQHandler
                0x08004a8c                OTG_FS_WKUP_IRQHandler
                0x08004a8c                TIM1_TRG_COM_TIM11_IRQHandler
                0x08004a8c                USART2_IRQHandler
                0x08004a8c                I2C2_ER_IRQHandler
                0x08004a8c                DMA2_Stream1_IRQHandler
                0x08004a8c                FLASH_IRQHandler
                0x08004a8c                DMA2_Stream4_IRQHandler
                0x08004a8c                USART1_IRQHandler
                0x08004a8c                OTG_FS_IRQHandler
                0x08004a8c                SPI3_IRQHandler
                0x08004a8c                DMA1_Stream4_IRQHandler
                0x08004a8c                I2C1_ER_IRQHandler
                0x08004a8c                DMA2_Stream6_IRQHandler
                0x08004a8c                DMA1_Stream3_IRQHandler
 *fill*         0x08004a8e        0x2 
 .text.__errno  0x08004a90        0xc c:/ac6/systemworkbench/plugins/fr.ac6.mcu.externaltools.arm-none.win32_1.16.0.201807130628/tools/compiler/bin/../lib/gcc/arm-none-eabi/7.2.1/../../../../arm-none-eabi/lib/thumb/v7e-m/fpv4-sp/hard\libc_nano.a(lib_a-errno.o)
                0x08004a90                __errno
 .text.__libc_init_array
                0x08004a9c       0x48 c:/ac6/systemworkbench/plugins/fr.ac6.mcu.externaltools.arm-none.win32_1.16.0.201807130628/tools/compiler/bin/../lib/gcc/arm-none-eabi/7.2.1/../../../../arm-none-eabi/lib/thumb/v7e-m/fpv4-sp/hard\libc_nano.a(lib_a-init.o)
                0x08004a9c                __libc_init_array
 .text.memcpy   0x08004ae4       0x16 c:/ac6/systemworkbench/plugins/fr.ac6.mcu.externaltools.arm-none.win32_1.16.0.201807130628/tools/compiler/bin/../lib/gcc/arm-none-eabi/7.2.1/../../../../arm-none-eabi/lib/thumb/v7e-m/fpv4-sp/hard\libc_nano.a(lib_a-memcpy-stub.o)
                0x08004ae4                memcpy
 .text.memset   0x08004afa       0x10 c:/ac6/systemworkbench/plugins/fr.ac6.mcu.externaltools.arm-none.win32_1.16.0.201807130628/tools/compiler/bin/../lib/gcc/arm-none-eabi/7.2.1/../../../../arm-none-eabi/lib/thumb/v7e-m/fpv4-sp/hard\libc_nano.a(lib_a-memset.o)
                0x08004afa                memset
 *fill*         0x08004b0a        0x2 
 .text.printf   0x08004b0c       0x30 c:/ac6/systemworkbench/plugins/fr.ac6.mcu.externaltools.arm-none.win32_1.16.0.201807130628/tools/compiler/bin/../lib/gcc/arm-none-eabi/7.2.1/../../../../arm-none-eabi/lib/thumb/v7e-m/fpv4-sp/hard\libc_nano.a(lib_a-printf.o)
                0x08004b0c                iprintf
                0x08004b0c                printf
 .text._puts_r  0x08004b3c       0xb8 c:/ac6/systemworkbench/plugins/fr.ac6.mcu.externaltools.arm-none.win32_1.16.0.201807130628/tools/compiler/bin/../lib/gcc/arm-none-eabi/7.2.1/../../../../arm-none-eabi/lib/thumb/v7e-m/fpv4-sp/hard\libc_nano.a(lib_a-puts.o)
                0x08004b3c                _puts_r
 .text.puts     0x08004bf4       0x10 c:/ac6/systemworkbench/plugins/fr.ac6.mcu.externaltools.arm-none.win32_1.16.0.201807130628/tools/compiler/bin/../lib/gcc/arm-none-eabi/7.2.1/../../../../arm-none-eabi/lib/thumb/v7e-m/fpv4-sp/hard\libc_nano.a(lib_a-puts.o)
                0x08004bf4                puts
 .text.__swbuf_r
                0x08004c04       0xa4 c:/ac6/systemworkbench/plugins/fr.ac6.mcu.externaltools.arm-none.win32_1.16.0.201807130628/tools/compiler/bin/../lib/gcc/arm-none-eabi/7.2.1/../../../../arm-none-eabi/lib/thumb/v7e-m/fpv4-sp/hard\libc_nano.a(lib_a-wbuf.o)
                0x08004c04                __swbuf_r
 .text.__swsetup_r
                0x08004ca8       0xdc c:/ac6/systemworkbench/plugins/fr.ac6.mcu.externaltools.arm-none.win32_1.16.0.201807130628/tools/compiler/bin/../lib/gcc/arm-none-eabi/7.2.1/../../../../arm-none-eabi/lib/thumb/v7e-m/fpv4-sp/hard\libc_nano.a(lib_a-wsetup.o)
                0x08004ca8                __swsetup_r
 .text.__sflush_r
                0x08004d84      0x10c c:/ac6/systemworkbench/plugins/fr.ac6.mcu.externaltools.arm-none.win32_1.16.0.201807130628/tools/compiler/bin/../lib/gcc/arm-none-eabi/7.2.1/../../../../arm-none-eabi/lib/thumb/v7e-m/fpv4-sp/hard\libc_nano.a(lib_a-fflush.o)
                0x08004d84                __sflush_r
 .text._fflush_r
                0x08004e90       0x54 c:/ac6/systemworkbench/plugins/fr.ac6.mcu.externaltools.arm-none.win32_1.16.0.201807130628/tools/compiler/bin/../lib/gcc/arm-none-eabi/7.2.1/../../../../arm-none-eabi/lib/thumb/v7e-m/fpv4-sp/hard\libc_nano.a(lib_a-fflush.o)
                0x08004e90                _fflush_r
 .text.std      0x08004ee4       0x48 c:/ac6/systemworkbench/plugins/fr.ac6.mcu.externaltools.arm-none.win32_1.16.0.201807130628/tools/compiler/bin/../lib/gcc/arm-none-eabi/7.2.1/../../../../arm-none-eabi/lib/thumb/v7e-m/fpv4-sp/hard\libc_nano.a(lib_a-findfp.o)
 .text._cleanup_r
                0x08004f2c        0xc c:/ac6/systemworkbench/plugins/fr.ac6.mcu.externaltools.arm-none.win32_1.16.0.201807130628/tools/compiler/bin/../lib/gcc/arm-none-eabi/7.2.1/../../../../arm-none-eabi/lib/thumb/v7e-m/fpv4-sp/hard\libc_nano.a(lib_a-findfp.o)
                0x08004f2c                _cleanup_r
 .text.__sfmoreglue
                0x08004f38       0x2c c:/ac6/systemworkbench/plugins/fr.ac6.mcu.externaltools.arm-none.win32_1.16.0.201807130628/tools/compiler/bin/../lib/gcc/arm-none-eabi/7.2.1/../../../../arm-none-eabi/lib/thumb/v7e-m/fpv4-sp/hard\libc_nano.a(lib_a-findfp.o)
                0x08004f38                __sfmoreglue
 .text.__sinit  0x08004f64       0x60 c:/ac6/systemworkbench/plugins/fr.ac6.mcu.externaltools.arm-none.win32_1.16.0.201807130628/tools/compiler/bin/../lib/gcc/arm-none-eabi/7.2.1/../../../../arm-none-eabi/lib/thumb/v7e-m/fpv4-sp/hard\libc_nano.a(lib_a-findfp.o)
                0x08004f64                __sinit
 .text.__sfp    0x08004fc4       0x78 c:/ac6/systemworkbench/plugins/fr.ac6.mcu.externaltools.arm-none.win32_1.16.0.201807130628/tools/compiler/bin/../lib/gcc/arm-none-eabi/7.2.1/../../../../arm-none-eabi/lib/thumb/v7e-m/fpv4-sp/hard\libc_nano.a(lib_a-findfp.o)
                0x08004fc4                __sfp
 .text._fwalk_reent
                0x0800503c       0x3c c:/ac6/systemworkbench/plugins/fr.ac6.mcu.externaltools.arm-none.win32_1.16.0.201807130628/tools/compiler/bin/../lib/gcc/arm-none-eabi/7.2.1/../../../../arm-none-eabi/lib/thumb/v7e-m/fpv4-sp/hard\libc_nano.a(lib_a-fwalk.o)
                0x0800503c                _fwalk_reent
 .text.__swhatbuf_r
                0x08005078       0x48 c:/ac6/systemworkbench/plugins/fr.ac6.mcu.externaltools.arm-none.win32_1.16.0.201807130628/tools/compiler/bin/../lib/gcc/arm-none-eabi/7.2.1/../../../../arm-none-eabi/lib/thumb/v7e-m/fpv4-sp/hard\libc_nano.a(lib_a-makebuf.o)
                0x08005078                __swhatbuf_r
 .text.__smakebuf_r
                0x080050c0       0x80 c:/ac6/systemworkbench/plugins/fr.ac6.mcu.externaltools.arm-none.win32_1.16.0.201807130628/tools/compiler/bin/../lib/gcc/arm-none-eabi/7.2.1/../../../../arm-none-eabi/lib/thumb/v7e-m/fpv4-sp/hard\libc_nano.a(lib_a-makebuf.o)
                0x080050c0                __smakebuf_r
 .text._free_r  0x08005140       0x9c c:/ac6/systemworkbench/plugins/fr.ac6.mcu.externaltools.arm-none.win32_1.16.0.201807130628/tools/compiler/bin/../lib/gcc/arm-none-eabi/7.2.1/../../../../arm-none-eabi/lib/thumb/v7e-m/fpv4-sp/hard\libc_nano.a(lib_a-nano-freer.o)
                0x08005140                _free_r
 .text._malloc_r
                0x080051dc       0xb4 c:/ac6/systemworkbench/plugins/fr.ac6.mcu.externaltools.arm-none.win32_1.16.0.201807130628/tools/compiler/bin/../lib/gcc/arm-none-eabi/7.2.1/../../../../arm-none-eabi/lib/thumb/v7e-m/fpv4-sp/hard\libc_nano.a(lib_a-nano-mallocr.o)
                0x080051dc                _malloc_r
 .text.__sfputc_r
                0x08005290       0x2e c:/ac6/systemworkbench/plugins/fr.ac6.mcu.externaltools.arm-none.win32_1.16.0.201807130628/tools/compiler/bin/../lib/gcc/arm-none-eabi/7.2.1/../../../../arm-none-eabi/lib/thumb/v7e-m/fpv4-sp/hard\libc_nano.a(lib_a-nano-vfprintf.o)
 .text.__sfputs_r
                0x080052be       0x24 c:/ac6/systemworkbench/plugins/fr.ac6.mcu.externaltools.arm-none.win32_1.16.0.201807130628/tools/compiler/bin/../lib/gcc/arm-none-eabi/7.2.1/../../../../arm-none-eabi/lib/thumb/v7e-m/fpv4-sp/hard\libc_nano.a(lib_a-nano-vfprintf.o)
                0x080052be                __sfputs_r
 *fill*         0x080052e2        0x2 
 .text._vfprintf_r
                0x080052e4      0x228 c:/ac6/systemworkbench/plugins/fr.ac6.mcu.externaltools.arm-none.win32_1.16.0.201807130628/tools/compiler/bin/../lib/gcc/arm-none-eabi/7.2.1/../../../../arm-none-eabi/lib/thumb/v7e-m/fpv4-sp/hard\libc_nano.a(lib_a-nano-vfprintf.o)
                0x080052e4                _vfprintf_r
                0x080052e4                _vfiprintf_r
 .text._printf_common
                0x0800550c       0xea c:/ac6/systemworkbench/plugins/fr.ac6.mcu.externaltools.arm-none.win32_1.16.0.201807130628/tools/compiler/bin/../lib/gcc/arm-none-eabi/7.2.1/../../../../arm-none-eabi/lib/thumb/v7e-m/fpv4-sp/hard\libc_nano.a(lib_a-nano-vfprintf_i.o)
                0x0800550c                _printf_common
 *fill*         0x080055f6        0x2 
 .text._printf_i
                0x080055f8      0x224 c:/ac6/systemworkbench/plugins/fr.ac6.mcu.externaltools.arm-none.win32_1.16.0.201807130628/tools/compiler/bin/../lib/gcc/arm-none-eabi/7.2.1/../../../../arm-none-eabi/lib/thumb/v7e-m/fpv4-sp/hard\libc_nano.a(lib_a-nano-vfprintf_i.o)
                0x080055f8                _printf_i
 .text._sbrk_r  0x0800581c       0x20 c:/ac6/systemworkbench/plugins/fr.ac6.mcu.externaltools.arm-none.win32_1.16.0.201807130628/tools/compiler/bin/../lib/gcc/arm-none-eabi/7.2.1/../../../../arm-none-eabi/lib/thumb/v7e-m/fpv4-sp/hard\libc_nano.a(lib_a-sbrkr.o)
                0x0800581c                _sbrk_r
 .text.__sread  0x0800583c       0x22 c:/ac6/systemworkbench/plugins/fr.ac6.mcu.externaltools.arm-none.win32_1.16.0.201807130628/tools/compiler/bin/../lib/gcc/arm-none-eabi/7.2.1/../../../../arm-none-eabi/lib/thumb/v7e-m/fpv4-sp/hard\libc_nano.a(lib_a-stdio.o)
                0x0800583c                __sread
 .text.__swrite
                0x0800585e       0x38 c:/ac6/systemworkbench/plugins/fr.ac6.mcu.externaltools.arm-none.win32_1.16.0.201807130628/tools/compiler/bin/../lib/gcc/arm-none-eabi/7.2.1/../../../../arm-none-eabi/lib/thumb/v7e-m/fpv4-sp/hard\libc_nano.a(lib_a-stdio.o)
                0x0800585e                __swrite
 .text.__sseek  0x08005896       0x24 c:/ac6/systemworkbench/plugins/fr.ac6.mcu.externaltools.arm-none.win32_1.16.0.201807130628/tools/compiler/bin/../lib/gcc/arm-none-eabi/7.2.1/../../../../arm-none-eabi/lib/thumb/v7e-m/fpv4-sp/hard\libc_nano.a(lib_a-stdio.o)
                0x08005896                __sseek
 .text.__sclose
                0x080058ba        0x8 c:/ac6/systemworkbench/plugins/fr.ac6.mcu.externaltools.arm-none.win32_1.16.0.201807130628/tools/compiler/bin/../lib/gcc/arm-none-eabi/7.2.1/../../../../arm-none-eabi/lib/thumb/v7e-m/fpv4-sp/hard\libc_nano.a(lib_a-stdio.o)
                0x080058ba                __sclose
 *fill*         0x080058c2        0x2 
 .text._write_r
                0x080058c4       0x24 c:/ac6/systemworkbench/plugins/fr.ac6.mcu.externaltools.arm-none.win32_1.16.0.201807130628/tools/compiler/bin/../lib/gcc/arm-none-eabi/7.2.1/../../../../arm-none-eabi/lib/thumb/v7e-m/fpv4-sp/hard\libc_nano.a(lib_a-writer.o)
                0x080058c4                _write_r
 .text._close_r
                0x080058e8       0x20 c:/ac6/systemworkbench/plugins/fr.ac6.mcu.externaltools.arm-none.win32_1.16.0.201807130628/tools/compiler/bin/../lib/gcc/arm-none-eabi/7.2.1/../../../../arm-none-eabi/lib/thumb/v7e-m/fpv4-sp/hard\libc_nano.a(lib_a-closer.o)
                0x080058e8                _close_r
 .text._fstat_r
                0x08005908       0x24 c:/ac6/systemworkbench/plugins/fr.ac6.mcu.externaltools.arm-none.win32_1.16.0.201807130628/tools/compiler/bin/../lib/gcc/arm-none-eabi/7.2.1/../../../../arm-none-eabi/lib/thumb/v7e-m/fpv4-sp/hard\libc_nano.a(lib_a-fstatr.o)
                0x08005908                _fstat_r
 .text._isatty_r
                0x0800592c       0x20 c:/ac6/systemworkbench/plugins/fr.ac6.mcu.externaltools.arm-none.win32_1.16.0.201807130628/tools/compiler/bin/../lib/gcc/arm-none-eabi/7.2.1/../../../../arm-none-eabi/lib/thumb/v7e-m/fpv4-sp/hard\libc_nano.a(lib_a-isattyr.o)
                0x0800592c                _isatty_r
 .text._lseek_r
                0x0800594c       0x24 c:/ac6/systemworkbench/plugins/fr.ac6.mcu.externaltools.arm-none.win32_1.16.0.201807130628/tools/compiler/bin/../lib/gcc/arm-none-eabi/7.2.1/../../../../arm-none-eabi/lib/thumb/v7e-m/fpv4-sp/hard\libc_nano.a(lib_a-lseekr.o)
                0x0800594c                _lseek_r
 .text.__malloc_lock
                0x08005970        0x2 c:/ac6/systemworkbench/plugins/fr.ac6.mcu.externaltools.arm-none.win32_1.16.0.201807130628/tools/compiler/bin/../lib/gcc/arm-none-eabi/7.2.1/../../../../arm-none-eabi/lib/thumb/v7e-m/fpv4-sp/hard\libc_nano.a(lib_a-mlock.o)
                0x08005970                __malloc_lock
 .text.__malloc_unlock
                0x08005972        0x2 c:/ac6/systemworkbench/plugins/fr.ac6.mcu.externaltools.arm-none.win32_1.16.0.201807130628/tools/compiler/bin/../lib/gcc/arm-none-eabi/7.2.1/../../../../arm-none-eabi/lib/thumb/v7e-m/fpv4-sp/hard\libc_nano.a(lib_a-mlock.o)
                0x08005972                __malloc_unlock
 .text._read_r  0x08005974       0x24 c:/ac6/systemworkbench/plugins/fr.ac6.mcu.externaltools.arm-none.win32_1.16.0.201807130628/tools/compiler/bin/../lib/gcc/arm-none-eabi/7.2.1/../../../../arm-none-eabi/lib/thumb/v7e-m/fpv4-sp/hard\libc_nano.a(lib_a-readr.o)
                0x08005974                _read_r
 .text._close   0x08005998       0x10 c:/ac6/systemworkbench/plugins/fr.ac6.mcu.externaltools.arm-none.win32_1.16.0.201807130628/tools/compiler/bin/../lib/gcc/arm-none-eabi/7.2.1/../../../../arm-none-eabi/lib/thumb/v7e-m/fpv4-sp/hard\libnosys.a(close.o)
                0x08005998                _close
 .text._fstat   0x080059a8       0x10 c:/ac6/systemworkbench/plugins/fr.ac6.mcu.externaltools.arm-none.win32_1.16.0.201807130628/tools/compiler/bin/../lib/gcc/arm-none-eabi/7.2.1/../../../../arm-none-eabi/lib/thumb/v7e-m/fpv4-sp/hard\libnosys.a(fstat.o)
                0x080059a8                _fstat
 .text._isatty  0x080059b8       0x10 c:/ac6/systemworkbench/plugins/fr.ac6.mcu.externaltools.arm-none.win32_1.16.0.201807130628/tools/compiler/bin/../lib/gcc/arm-none-eabi/7.2.1/../../../../arm-none-eabi/lib/thumb/v7e-m/fpv4-sp/hard\libnosys.a(isatty.o)
                0x080059b8                _isatty
 .text._lseek   0x080059c8       0x10 c:/ac6/systemworkbench/plugins/fr.ac6.mcu.externaltools.arm-none.win32_1.16.0.201807130628/tools/compiler/bin/../lib/gcc/arm-none-eabi/7.2.1/../../../../arm-none-eabi/lib/thumb/v7e-m/fpv4-sp/hard\libnosys.a(lseek.o)
                0x080059c8                _lseek
 .text._read    0x080059d8       0x10 c:/ac6/systemworkbench/plugins/fr.ac6.mcu.externaltools.arm-none.win32_1.16.0.201807130628/tools/compiler/bin/../lib/gcc/arm-none-eabi/7.2.1/../../../../arm-none-eabi/lib/thumb/v7e-m/fpv4-sp/hard\libnosys.a(read.o)
                0x080059d8                _read
 .text._sbrk    0x080059e8       0x1c c:/ac6/systemworkbench/plugins/fr.ac6.mcu.externaltools.arm-none.win32_1.16.0.201807130628/tools/compiler/bin/../lib/gcc/arm-none-eabi/7.2.1/../../../../arm-none-eabi/lib/thumb/v7e-m/fpv4-sp/hard\libnosys.a(sbrk.o)
                0x080059e8                _sbrk
 *(.glue_7)
 .glue_7        0x08005a04        0x0 linker stubs
 *(.glue_7t)
 .glue_7t       0x08005a04        0x0 linker stubs
 *(.eh_frame)
 .eh_frame      0x08005a04        0x0 c:/ac6/systemworkbench/plugins/fr.ac6.mcu.externaltools.arm-none.win32_1.16.0.201807130628/tools/compiler/bin/../lib/gcc/arm-none-eabi/7.2.1/thumb/v7e-m/fpv4-sp/hard/crtbegin.o
 *(.init)
 .init          0x08005a04        0x4 c:/ac6/systemworkbench/plugins/fr.ac6.mcu.externaltools.arm-none.win32_1.16.0.201807130628/tools/compiler/bin/../lib/gcc/arm-none-eabi/7.2.1/thumb/v7e-m/fpv4-sp/hard/crti.o
                0x08005a04                _init
 .init          0x08005a08        0x8 c:/ac6/systemworkbench/plugins/fr.ac6.mcu.externaltools.arm-none.win32_1.16.0.201807130628/tools/compiler/bin/../lib/gcc/arm-none-eabi/7.2.1/thumb/v7e-m/fpv4-sp/hard/crtn.o
 *(.fini)
 .fini          0x08005a10        0x4 c:/ac6/systemworkbench/plugins/fr.ac6.mcu.externaltools.arm-none.win32_1.16.0.201807130628/tools/compiler/bin/../lib/gcc/arm-none-eabi/7.2.1/thumb/v7e-m/fpv4-sp/hard/crti.o
                0x08005a10                _fini
 .fini          0x08005a14        0x8 c:/ac6/systemworkbench/plugins/fr.ac6.mcu.externaltools.arm-none.win32_1.16.0.201807130628/tools/compiler/bin/../lib/gcc/arm-none-eabi/7.2.1/thumb/v7e-m/fpv4-sp/hard/crtn.o
                0x08005a1c                . = ALIGN (0x4)
                0x08005a1c                _etext = .

.vfp11_veneer   0x08005a1c        0x0
 .vfp11_veneer  0x08005a1c        0x0 linker stubs

.v4_bx          0x08005a1c        0x0
 .v4_bx         0x08005a1c        0x0 linker stubs

.iplt           0x08005a1c        0x0
 .iplt          0x08005a1c        0x0 c:/ac6/systemworkbench/plugins/fr.ac6.mcu.externaltools.arm-none.win32_1.16.0.201807130628/tools/compiler/bin/../lib/gcc/arm-none-eabi/7.2.1/thumb/v7e-m/fpv4-sp/hard/crtbegin.o

.rodata         0x08005a1c      0x11c
                0x08005a1c                . = ALIGN (0x4)
 *(.rodata)
 .rodata        0x08005a1c       0x6a Src/main.o
 *fill*         0x08005a86        0x2 
 .rodata        0x08005a88       0x18 Src/system_stm32f4xx.o
                0x08005a88                AHBPrescTable
                0x08005a98                APBPrescTable
 *(.rodata*)
 .rodata._global_impure_ptr
                0x08005aa0        0x4 c:/ac6/systemworkbench/plugins/fr.ac6.mcu.externaltools.arm-none.win32_1.16.0.201807130628/tools/compiler/bin/../lib/gcc/arm-none-eabi/7.2.1/../../../../arm-none-eabi/lib/thumb/v7e-m/fpv4-sp/hard\libc_nano.a(lib_a-impure.o)
                0x08005aa0                _global_impure_ptr
 .rodata.__sf_fake_stderr
                0x08005aa4       0x20 c:/ac6/systemworkbench/plugins/fr.ac6.mcu.externaltools.arm-none.win32_1.16.0.201807130628/tools/compiler/bin/../lib/gcc/arm-none-eabi/7.2.1/../../../../arm-none-eabi/lib/thumb/v7e-m/fpv4-sp/hard\libc_nano.a(lib_a-findfp.o)
                0x08005aa4                __sf_fake_stderr
 .rodata.__sf_fake_stdin
                0x08005ac4       0x20 c:/ac6/systemworkbench/plugins/fr.ac6.mcu.externaltools.arm-none.win32_1.16.0.201807130628/tools/compiler/bin/../lib/gcc/arm-none-eabi/7.2.1/../../../../arm-none-eabi/lib/thumb/v7e-m/fpv4-sp/hard\libc_nano.a(lib_a-findfp.o)
                0x08005ac4                __sf_fake_stdin
 .rodata.__sf_fake_stdout
                0x08005ae4       0x20 c:/ac6/systemworkbench/plugins/fr.ac6.mcu.externaltools.arm-none.win32_1.16.0.201807130628/tools/compiler/bin/../lib/gcc/arm-none-eabi/7.2.1/../../../../arm-none-eabi/lib/thumb/v7e-m/fpv4-sp/hard\libc_nano.a(lib_a-findfp.o)
                0x08005ae4                __sf_fake_stdout
 .rodata._vfprintf_r.str1.1
                0x08005b04       0x11 c:/ac6/systemworkbench/plugins/fr.ac6.mcu.externaltools.arm-none.win32_1.16.0.201807130628/tools/compiler/bin/../lib/gcc/arm-none-eabi/7.2.1/../../../../arm-none-eabi/lib/thumb/v7e-m/fpv4-sp/hard\libc_nano.a(lib_a-nano-vfprintf.o)
 .rodata._printf_i.str1.1
                0x08005b15       0x22 c:/ac6/systemworkbench/plugins/fr.ac6.mcu.externaltools.arm-none.win32_1.16.0.201807130628/tools/compiler/bin/../lib/gcc/arm-none-eabi/7.2.1/../../../../arm-none-eabi/lib/thumb/v7e-m/fpv4-sp/hard\libc_nano.a(lib_a-nano-vfprintf_i.o)
                0x08005b38                . = ALIGN (0x4)
 *fill*         0x08005b37        0x1 

.ARM.extab
 *(.ARM.extab* .gnu.linkonce.armextab.*)

.ARM            0x08005b38        0x8
                0x08005b38                __exidx_start = .
 *(.ARM.exidx*)
 .ARM.exidx     0x08005b38        0x8 c:/ac6/systemworkbench/plugins/fr.ac6.mcu.externaltools.arm-none.win32_1.16.0.201807130628/tools/compiler/bin/../lib/gcc/arm-none-eabi/7.2.1/thumb/v7e-m/fpv4-sp/hard\libgcc.a(_udivmoddi4.o)
                0x08005b40                __exidx_end = .

.rel.dyn        0x08005b40        0x0
 .rel.iplt      0x08005b40        0x0 c:/ac6/systemworkbench/plugins/fr.ac6.mcu.externaltools.arm-none.win32_1.16.0.201807130628/tools/compiler/bin/../lib/gcc/arm-none-eabi/7.2.1/thumb/v7e-m/fpv4-sp/hard/crtbegin.o

.preinit_array  0x08005b40        0x0
                0x08005b40                PROVIDE (__preinit_array_start, .)
 *(.preinit_array*)
                0x08005b40                PROVIDE (__preinit_array_end, .)

.init_array     0x08005b40        0x4
                0x08005b40                PROVIDE (__init_array_start, .)
 *(SORT_BY_NAME(.init_array.*))
 *(.init_array*)
 .init_array    0x08005b40        0x4 c:/ac6/systemworkbench/plugins/fr.ac6.mcu.externaltools.arm-none.win32_1.16.0.201807130628/tools/compiler/bin/../lib/gcc/arm-none-eabi/7.2.1/thumb/v7e-m/fpv4-sp/hard/crtbegin.o
                0x08005b44                PROVIDE (__init_array_end, .)

.fini_array     0x08005b44        0x4
                [!provide]                PROVIDE (__fini_array_start, .)
 *(SORT_BY_NAME(.fini_array.*))
 *(.fini_array*)
 .fini_array    0x08005b44        0x4 c:/ac6/systemworkbench/plugins/fr.ac6.mcu.externaltools.arm-none.win32_1.16.0.201807130628/tools/compiler/bin/../lib/gcc/arm-none-eabi/7.2.1/thumb/v7e-m/fpv4-sp/hard/crtbegin.o
                [!provide]                PROVIDE (__fini_array_end, .)
                0x08005b48                _sidata = LOADADDR (.data)

.data           0x20000000      0x214 load address 0x08005b48
                0x20000000                . = ALIGN (0x4)
                0x20000000                _sdata = .
 *(.data)
 .data          0x20000000        0x8 Drivers/BSP/STM32F4xx-Nucleo/stm32f4xx_nucleo.o
                0x20000000                GPIO_PORT
                0x20000004                BUTTON_PORT
 .data          0x20000008      0x174 Drivers/BSP/l6206/l6206.o
                0x20000018                l6206Drv
 .data          0x2000017c        0x5 Drivers/STM32F4xx_HAL_Driver/Src/stm32f4xx_hal.o
                0x2000017c                uwTickPrio
                0x20000180                uwTickFreq
 *fill*         0x20000181        0x3 
 .data          0x20000184       0x28 Src/main.o
                0x20000184                initDeviceParameters
 .data          0x200001ac        0x4 Src/system_stm32f4xx.o
                0x200001ac                SystemCoreClock
 *(.data*)
 .data._impure_ptr
                0x200001b0        0x4 c:/ac6/systemworkbench/plugins/fr.ac6.mcu.externaltools.arm-none.win32_1.16.0.201807130628/tools/compiler/bin/../lib/gcc/arm-none-eabi/7.2.1/../../../../arm-none-eabi/lib/thumb/v7e-m/fpv4-sp/hard\libc_nano.a(lib_a-impure.o)
                0x200001b0                _impure_ptr
 .data.impure_data
                0x200001b4       0x60 c:/ac6/systemworkbench/plugins/fr.ac6.mcu.externaltools.arm-none.win32_1.16.0.201807130628/tools/compiler/bin/../lib/gcc/arm-none-eabi/7.2.1/../../../../arm-none-eabi/lib/thumb/v7e-m/fpv4-sp/hard\libc_nano.a(lib_a-impure.o)
                0x20000214                . = ALIGN (0x4)
                0x20000214                _edata = .

.igot.plt       0x20000214        0x0 load address 0x08005d5c
 .igot.plt      0x20000214        0x0 c:/ac6/systemworkbench/plugins/fr.ac6.mcu.externaltools.arm-none.win32_1.16.0.201807130628/tools/compiler/bin/../lib/gcc/arm-none-eabi/7.2.1/thumb/v7e-m/fpv4-sp/hard/crtbegin.o
                0x20000214                . = ALIGN (0x4)

.bss            0x20000214      0x218 load address 0x08005d5c
                0x20000214                _sbss = .
                0x20000214                __bss_start__ = _sbss
 *(.bss)
 .bss           0x20000214       0x1c c:/ac6/systemworkbench/plugins/fr.ac6.mcu.externaltools.arm-none.win32_1.16.0.201807130628/tools/compiler/bin/../lib/gcc/arm-none-eabi/7.2.1/thumb/v7e-m/fpv4-sp/hard/crtbegin.o
 .bss           0x20000230        0x6 Drivers/BSP/X-NUCLEO-IHMxx/x_nucleo_ihmxx.o
 .bss           0x20000236        0x4 Drivers/BSP/l6206/l6206.o
 .bss           0x2000023a        0x4 Src/main.o
 *(.bss*)
 *fill*         0x2000023e        0x2 
 .bss.__malloc_free_list
                0x20000240        0x4 c:/ac6/systemworkbench/plugins/fr.ac6.mcu.externaltools.arm-none.win32_1.16.0.201807130628/tools/compiler/bin/../lib/gcc/arm-none-eabi/7.2.1/../../../../arm-none-eabi/lib/thumb/v7e-m/fpv4-sp/hard\libc_nano.a(lib_a-nano-mallocr.o)
                0x20000240                __malloc_free_list
 .bss.__malloc_sbrk_start
                0x20000244        0x4 c:/ac6/systemworkbench/plugins/fr.ac6.mcu.externaltools.arm-none.win32_1.16.0.201807130628/tools/compiler/bin/../lib/gcc/arm-none-eabi/7.2.1/../../../../arm-none-eabi/lib/thumb/v7e-m/fpv4-sp/hard\libc_nano.a(lib_a-nano-mallocr.o)
                0x20000244                __malloc_sbrk_start
 .bss.heap_end.5377
                0x20000248        0x4 c:/ac6/systemworkbench/plugins/fr.ac6.mcu.externaltools.arm-none.win32_1.16.0.201807130628/tools/compiler/bin/../lib/gcc/arm-none-eabi/7.2.1/../../../../arm-none-eabi/lib/thumb/v7e-m/fpv4-sp/hard\libnosys.a(sbrk.o)
 *(COMMON)
 COMMON         0x2000024c       0xf0 Drivers/BSP/X-NUCLEO-IHMxx/x_nucleo_ihm04a1_stm32f4xx.o
                0x2000024c                hTimPwm2A
                0x20000288                hTimPwm1B
                0x200002c4                hTimPwm2B
                0x20000300                hTimPwm1A
 COMMON         0x2000033c       0x30 Drivers/BSP/l6206/l6206.o
                0x2000033c                devicePrm
                0x20000364                errorHandlerCallback
                0x20000368                flagInterruptCallback
 COMMON         0x2000036c        0x4 Drivers/STM32F4xx_HAL_Driver/Src/stm32f4xx_hal.o
                0x2000036c                uwTick
 COMMON         0x20000370       0xb8 Src/main.o
                0x20000370                htim3
                0x200003ac                htim2
                0x200003e8                huart2
 COMMON         0x20000428        0x4 c:/ac6/systemworkbench/plugins/fr.ac6.mcu.externaltools.arm-none.win32_1.16.0.201807130628/tools/compiler/bin/../lib/gcc/arm-none-eabi/7.2.1/../../../../arm-none-eabi/lib/thumb/v7e-m/fpv4-sp/hard\libc_nano.a(lib_a-reent.o)
                0x20000428                errno
                0x2000042c                . = ALIGN (0x4)
                0x2000042c                _ebss = .
                0x2000042c                __bss_end__ = _ebss

._user_heap_stack
                0x2000042c      0x604 load address 0x08005d5c
                0x20000430                . = ALIGN (0x8)
 *fill*         0x2000042c        0x4 
                0x20000430                PROVIDE (end, .)
                [!provide]                PROVIDE (_end, .)
                0x20000630                . = (. + _Min_Heap_Size)
 *fill*         0x20000430      0x200 
                0x20000a30                . = (. + _Min_Stack_Size)
 *fill*         0x20000630      0x400 
                0x20000a30                . = ALIGN (0x8)

/DISCARD/
 libc.a(*)
 libm.a(*)
 libgcc.a(*)

.ARM.attributes
                0x00000000       0x30
 *(.ARM.attributes)
 .ARM.attributes
                0x00000000       0x22 c:/ac6/systemworkbench/plugins/fr.ac6.mcu.externaltools.arm-none.win32_1.16.0.201807130628/tools/compiler/bin/../lib/gcc/arm-none-eabi/7.2.1/thumb/v7e-m/fpv4-sp/hard/crti.o
 .ARM.attributes
                0x00000022       0x34 c:/ac6/systemworkbench/plugins/fr.ac6.mcu.externaltools.arm-none.win32_1.16.0.201807130628/tools/compiler/bin/../lib/gcc/arm-none-eabi/7.2.1/thumb/v7e-m/fpv4-sp/hard/crtbegin.o
 .ARM.attributes
                0x00000056       0x39 Drivers/BSP/STM32F4xx-Nucleo/stm32f4xx_nucleo.o
 .ARM.attributes
                0x0000008f       0x39 Drivers/BSP/X-NUCLEO-IHMxx/x_nucleo_ihm04a1_stm32f4xx.o
 .ARM.attributes
                0x000000c8       0x39 Drivers/BSP/X-NUCLEO-IHMxx/x_nucleo_ihmxx.o
 .ARM.attributes
                0x00000101       0x39 Drivers/BSP/l6206/l6206.o
 .ARM.attributes
                0x0000013a       0x39 Drivers/STM32F4xx_HAL_Driver/Src/stm32f4xx_hal.o
 .ARM.attributes
                0x00000173       0x39 Drivers/STM32F4xx_HAL_Driver/Src/stm32f4xx_hal_cortex.o
 .ARM.attributes
                0x000001ac       0x39 Drivers/STM32F4xx_HAL_Driver/Src/stm32f4xx_hal_gpio.o
 .ARM.attributes
                0x000001e5       0x39 Drivers/STM32F4xx_HAL_Driver/Src/stm32f4xx_hal_rcc.o
 .ARM.attributes
                0x0000021e       0x39 Drivers/STM32F4xx_HAL_Driver/Src/stm32f4xx_hal_tim.o
 .ARM.attributes
                0x00000257       0x39 Drivers/STM32F4xx_HAL_Driver/Src/stm32f4xx_hal_tim_ex.o
 .ARM.attributes
                0x00000290       0x39 Drivers/STM32F4xx_HAL_Driver/Src/stm32f4xx_hal_uart.o
 .ARM.attributes
                0x000002c9       0x39 Src/main.o
 .ARM.attributes
                0x00000302       0x39 Src/stm32f4xx_hal_msp.o
 .ARM.attributes
                0x0000033b       0x39 Src/stm32f4xx_it.o
 .ARM.attributes
                0x00000374       0x39 Src/system_stm32f4xx.o
 .ARM.attributes
                0x000003ad       0x21 startup/startup_stm32f401xe.o
 .ARM.attributes
                0x000003ce       0x22 c:/ac6/systemworkbench/plugins/fr.ac6.mcu.externaltools.arm-none.win32_1.16.0.201807130628/tools/compiler/bin/../lib/gcc/arm-none-eabi/7.2.1/thumb/v7e-m/fpv4-sp/hard\libgcc.a(_aeabi_uldivmod.o)
 .ARM.attributes
                0x000003f0       0x34 c:/ac6/systemworkbench/plugins/fr.ac6.mcu.externaltools.arm-none.win32_1.16.0.201807130628/tools/compiler/bin/../lib/gcc/arm-none-eabi/7.2.1/thumb/v7e-m/fpv4-sp/hard\libgcc.a(_udivmoddi4.o)
 .ARM.attributes
                0x00000424       0x22 c:/ac6/systemworkbench/plugins/fr.ac6.mcu.externaltools.arm-none.win32_1.16.0.201807130628/tools/compiler/bin/../lib/gcc/arm-none-eabi/7.2.1/thumb/v7e-m/fpv4-sp/hard\libgcc.a(_dvmd_tls.o)
 .ARM.attributes
                0x00000446       0x34 c:/ac6/systemworkbench/plugins/fr.ac6.mcu.externaltools.arm-none.win32_1.16.0.201807130628/tools/compiler/bin/../lib/gcc/arm-none-eabi/7.2.1/../../../../arm-none-eabi/lib/thumb/v7e-m/fpv4-sp/hard\libc_nano.a(lib_a-errno.o)
 .ARM.attributes
                0x0000047a       0x34 c:/ac6/systemworkbench/plugins/fr.ac6.mcu.externaltools.arm-none.win32_1.16.0.201807130628/tools/compiler/bin/../lib/gcc/arm-none-eabi/7.2.1/../../../../arm-none-eabi/lib/thumb/v7e-m/fpv4-sp/hard\libc_nano.a(lib_a-impure.o)
 .ARM.attributes
                0x000004ae       0x34 c:/ac6/systemworkbench/plugins/fr.ac6.mcu.externaltools.arm-none.win32_1.16.0.201807130628/tools/compiler/bin/../lib/gcc/arm-none-eabi/7.2.1/../../../../arm-none-eabi/lib/thumb/v7e-m/fpv4-sp/hard\libc_nano.a(lib_a-init.o)
 .ARM.attributes
                0x000004e2       0x34 c:/ac6/systemworkbench/plugins/fr.ac6.mcu.externaltools.arm-none.win32_1.16.0.201807130628/tools/compiler/bin/../lib/gcc/arm-none-eabi/7.2.1/../../../../arm-none-eabi/lib/thumb/v7e-m/fpv4-sp/hard\libc_nano.a(lib_a-memcpy-stub.o)
 .ARM.attributes
                0x00000516       0x34 c:/ac6/systemworkbench/plugins/fr.ac6.mcu.externaltools.arm-none.win32_1.16.0.201807130628/tools/compiler/bin/../lib/gcc/arm-none-eabi/7.2.1/../../../../arm-none-eabi/lib/thumb/v7e-m/fpv4-sp/hard\libc_nano.a(lib_a-memset.o)
 .ARM.attributes
                0x0000054a       0x34 c:/ac6/systemworkbench/plugins/fr.ac6.mcu.externaltools.arm-none.win32_1.16.0.201807130628/tools/compiler/bin/../lib/gcc/arm-none-eabi/7.2.1/../../../../arm-none-eabi/lib/thumb/v7e-m/fpv4-sp/hard\libc_nano.a(lib_a-printf.o)
 .ARM.attributes
                0x0000057e       0x34 c:/ac6/systemworkbench/plugins/fr.ac6.mcu.externaltools.arm-none.win32_1.16.0.201807130628/tools/compiler/bin/../lib/gcc/arm-none-eabi/7.2.1/../../../../arm-none-eabi/lib/thumb/v7e-m/fpv4-sp/hard\libc_nano.a(lib_a-puts.o)
 .ARM.attributes
                0x000005b2       0x34 c:/ac6/systemworkbench/plugins/fr.ac6.mcu.externaltools.arm-none.win32_1.16.0.201807130628/tools/compiler/bin/../lib/gcc/arm-none-eabi/7.2.1/../../../../arm-none-eabi/lib/thumb/v7e-m/fpv4-sp/hard\libc_nano.a(lib_a-wbuf.o)
 .ARM.attributes
                0x000005e6       0x34 c:/ac6/systemworkbench/plugins/fr.ac6.mcu.externaltools.arm-none.win32_1.16.0.201807130628/tools/compiler/bin/../lib/gcc/arm-none-eabi/7.2.1/../../../../arm-none-eabi/lib/thumb/v7e-m/fpv4-sp/hard\libc_nano.a(lib_a-wsetup.o)
 .ARM.attributes
                0x0000061a       0x34 c:/ac6/systemworkbench/plugins/fr.ac6.mcu.externaltools.arm-none.win32_1.16.0.201807130628/tools/compiler/bin/../lib/gcc/arm-none-eabi/7.2.1/../../../../arm-none-eabi/lib/thumb/v7e-m/fpv4-sp/hard\libc_nano.a(lib_a-fflush.o)
 .ARM.attributes
                0x0000064e       0x34 c:/ac6/systemworkbench/plugins/fr.ac6.mcu.externaltools.arm-none.win32_1.16.0.201807130628/tools/compiler/bin/../lib/gcc/arm-none-eabi/7.2.1/../../../../arm-none-eabi/lib/thumb/v7e-m/fpv4-sp/hard\libc_nano.a(lib_a-findfp.o)
 .ARM.attributes
                0x00000682       0x34 c:/ac6/systemworkbench/plugins/fr.ac6.mcu.externaltools.arm-none.win32_1.16.0.201807130628/tools/compiler/bin/../lib/gcc/arm-none-eabi/7.2.1/../../../../arm-none-eabi/lib/thumb/v7e-m/fpv4-sp/hard\libc_nano.a(lib_a-fwalk.o)
 .ARM.attributes
                0x000006b6       0x34 c:/ac6/systemworkbench/plugins/fr.ac6.mcu.externaltools.arm-none.win32_1.16.0.201807130628/tools/compiler/bin/../lib/gcc/arm-none-eabi/7.2.1/../../../../arm-none-eabi/lib/thumb/v7e-m/fpv4-sp/hard\libc_nano.a(lib_a-makebuf.o)
 .ARM.attributes
                0x000006ea       0x34 c:/ac6/systemworkbench/plugins/fr.ac6.mcu.externaltools.arm-none.win32_1.16.0.201807130628/tools/compiler/bin/../lib/gcc/arm-none-eabi/7.2.1/../../../../arm-none-eabi/lib/thumb/v7e-m/fpv4-sp/hard\libc_nano.a(lib_a-nano-freer.o)
 .ARM.attributes
                0x0000071e       0x34 c:/ac6/systemworkbench/plugins/fr.ac6.mcu.externaltools.arm-none.win32_1.16.0.201807130628/tools/compiler/bin/../lib/gcc/arm-none-eabi/7.2.1/../../../../arm-none-eabi/lib/thumb/v7e-m/fpv4-sp/hard\libc_nano.a(lib_a-nano-mallocr.o)
 .ARM.attributes
                0x00000752       0x34 c:/ac6/systemworkbench/plugins/fr.ac6.mcu.externaltools.arm-none.win32_1.16.0.201807130628/tools/compiler/bin/../lib/gcc/arm-none-eabi/7.2.1/../../../../arm-none-eabi/lib/thumb/v7e-m/fpv4-sp/hard\libc_nano.a(lib_a-nano-vfprintf.o)
 .ARM.attributes
                0x00000786       0x34 c:/ac6/systemworkbench/plugins/fr.ac6.mcu.externaltools.arm-none.win32_1.16.0.201807130628/tools/compiler/bin/../lib/gcc/arm-none-eabi/7.2.1/../../../../arm-none-eabi/lib/thumb/v7e-m/fpv4-sp/hard\libc_nano.a(lib_a-nano-vfprintf_i.o)
 .ARM.attributes
                0x000007ba       0x34 c:/ac6/systemworkbench/plugins/fr.ac6.mcu.externaltools.arm-none.win32_1.16.0.201807130628/tools/compiler/bin/../lib/gcc/arm-none-eabi/7.2.1/../../../../arm-none-eabi/lib/thumb/v7e-m/fpv4-sp/hard\libc_nano.a(lib_a-sbrkr.o)
 .ARM.attributes
                0x000007ee       0x34 c:/ac6/systemworkbench/plugins/fr.ac6.mcu.externaltools.arm-none.win32_1.16.0.201807130628/tools/compiler/bin/../lib/gcc/arm-none-eabi/7.2.1/../../../../arm-none-eabi/lib/thumb/v7e-m/fpv4-sp/hard\libc_nano.a(lib_a-stdio.o)
 .ARM.attributes
                0x00000822       0x34 c:/ac6/systemworkbench/plugins/fr.ac6.mcu.externaltools.arm-none.win32_1.16.0.201807130628/tools/compiler/bin/../lib/gcc/arm-none-eabi/7.2.1/../../../../arm-none-eabi/lib/thumb/v7e-m/fpv4-sp/hard\libc_nano.a(lib_a-writer.o)
 .ARM.attributes
                0x00000856       0x34 c:/ac6/systemworkbench/plugins/fr.ac6.mcu.externaltools.arm-none.win32_1.16.0.201807130628/tools/compiler/bin/../lib/gcc/arm-none-eabi/7.2.1/../../../../arm-none-eabi/lib/thumb/v7e-m/fpv4-sp/hard\libc_nano.a(lib_a-closer.o)
 .ARM.attributes
                0x0000088a       0x34 c:/ac6/systemworkbench/plugins/fr.ac6.mcu.externaltools.arm-none.win32_1.16.0.201807130628/tools/compiler/bin/../lib/gcc/arm-none-eabi/7.2.1/../../../../arm-none-eabi/lib/thumb/v7e-m/fpv4-sp/hard\libc_nano.a(lib_a-fstatr.o)
 .ARM.attributes
                0x000008be       0x34 c:/ac6/systemworkbench/plugins/fr.ac6.mcu.externaltools.arm-none.win32_1.16.0.201807130628/tools/compiler/bin/../lib/gcc/arm-none-eabi/7.2.1/../../../../arm-none-eabi/lib/thumb/v7e-m/fpv4-sp/hard\libc_nano.a(lib_a-isattyr.o)
 .ARM.attributes
                0x000008f2       0x34 c:/ac6/systemworkbench/plugins/fr.ac6.mcu.externaltools.arm-none.win32_1.16.0.201807130628/tools/compiler/bin/../lib/gcc/arm-none-eabi/7.2.1/../../../../arm-none-eabi/lib/thumb/v7e-m/fpv4-sp/hard\libc_nano.a(lib_a-lseekr.o)
 .ARM.attributes
                0x00000926       0x20 c:/ac6/systemworkbench/plugins/fr.ac6.mcu.externaltools.arm-none.win32_1.16.0.201807130628/tools/compiler/bin/../lib/gcc/arm-none-eabi/7.2.1/../../../../arm-none-eabi/lib/thumb/v7e-m/fpv4-sp/hard\libc_nano.a(lib_a-memchr.o)
 .ARM.attributes
                0x00000946       0x34 c:/ac6/systemworkbench/plugins/fr.ac6.mcu.externaltools.arm-none.win32_1.16.0.201807130628/tools/compiler/bin/../lib/gcc/arm-none-eabi/7.2.1/../../../../arm-none-eabi/lib/thumb/v7e-m/fpv4-sp/hard\libc_nano.a(lib_a-mlock.o)
 .ARM.attributes
                0x0000097a       0x34 c:/ac6/systemworkbench/plugins/fr.ac6.mcu.externaltools.arm-none.win32_1.16.0.201807130628/tools/compiler/bin/../lib/gcc/arm-none-eabi/7.2.1/../../../../arm-none-eabi/lib/thumb/v7e-m/fpv4-sp/hard\libc_nano.a(lib_a-readr.o)
 .ARM.attributes
                0x000009ae       0x34 c:/ac6/systemworkbench/plugins/fr.ac6.mcu.externaltools.arm-none.win32_1.16.0.201807130628/tools/compiler/bin/../lib/gcc/arm-none-eabi/7.2.1/../../../../arm-none-eabi/lib/thumb/v7e-m/fpv4-sp/hard\libc_nano.a(lib_a-reent.o)
 .ARM.attributes
                0x000009e2       0x34 c:/ac6/systemworkbench/plugins/fr.ac6.mcu.externaltools.arm-none.win32_1.16.0.201807130628/tools/compiler/bin/../lib/gcc/arm-none-eabi/7.2.1/../../../../arm-none-eabi/lib/thumb/v7e-m/fpv4-sp/hard\libnosys.a(close.o)
 .ARM.attributes
                0x00000a16       0x34 c:/ac6/systemworkbench/plugins/fr.ac6.mcu.externaltools.arm-none.win32_1.16.0.201807130628/tools/compiler/bin/../lib/gcc/arm-none-eabi/7.2.1/../../../../arm-none-eabi/lib/thumb/v7e-m/fpv4-sp/hard\libnosys.a(fstat.o)
 .ARM.attributes
                0x00000a4a       0x34 c:/ac6/systemworkbench/plugins/fr.ac6.mcu.externaltools.arm-none.win32_1.16.0.201807130628/tools/compiler/bin/../lib/gcc/arm-none-eabi/7.2.1/../../../../arm-none-eabi/lib/thumb/v7e-m/fpv4-sp/hard\libnosys.a(isatty.o)
 .ARM.attributes
                0x00000a7e       0x34 c:/ac6/systemworkbench/plugins/fr.ac6.mcu.externaltools.arm-none.win32_1.16.0.201807130628/tools/compiler/bin/../lib/gcc/arm-none-eabi/7.2.1/../../../../arm-none-eabi/lib/thumb/v7e-m/fpv4-sp/hard\libnosys.a(lseek.o)
 .ARM.attributes
                0x00000ab2       0x34 c:/ac6/systemworkbench/plugins/fr.ac6.mcu.externaltools.arm-none.win32_1.16.0.201807130628/tools/compiler/bin/../lib/gcc/arm-none-eabi/7.2.1/../../../../arm-none-eabi/lib/thumb/v7e-m/fpv4-sp/hard\libnosys.a(read.o)
 .ARM.attributes
                0x00000ae6       0x34 c:/ac6/systemworkbench/plugins/fr.ac6.mcu.externaltools.arm-none.win32_1.16.0.201807130628/tools/compiler/bin/../lib/gcc/arm-none-eabi/7.2.1/../../../../arm-none-eabi/lib/thumb/v7e-m/fpv4-sp/hard\libnosys.a(sbrk.o)
 .ARM.attributes
                0x00000b1a       0x22 c:/ac6/systemworkbench/plugins/fr.ac6.mcu.externaltools.arm-none.win32_1.16.0.201807130628/tools/compiler/bin/../lib/gcc/arm-none-eabi/7.2.1/thumb/v7e-m/fpv4-sp/hard/crtn.o
OUTPUT(Project Robot F401 test.elf elf32-littlearm)

.debug_info     0x00000000    0x154cd
 .debug_info    0x00000000     0x1087 Drivers/BSP/STM32F4xx-Nucleo/stm32f4xx_nucleo.o
 .debug_info    0x00001087     0x16cc Drivers/BSP/X-NUCLEO-IHMxx/x_nucleo_ihm04a1_stm32f4xx.o
 .debug_info    0x00002753     0x1cc5 Drivers/BSP/X-NUCLEO-IHMxx/x_nucleo_ihmxx.o
 .debug_info    0x00004418     0x1a8d Drivers/BSP/l6206/l6206.o
 .debug_info    0x00005ea5     0x10b9 Drivers/STM32F4xx_HAL_Driver/Src/stm32f4xx_hal.o
 .debug_info    0x00006f5e     0x1557 Drivers/STM32F4xx_HAL_Driver/Src/stm32f4xx_hal_cortex.o
 .debug_info    0x000084b5      0xfa9 Drivers/STM32F4xx_HAL_Driver/Src/stm32f4xx_hal_gpio.o
 .debug_info    0x0000945e     0x10ec Drivers/STM32F4xx_HAL_Driver/Src/stm32f4xx_hal_rcc.o
 .debug_info    0x0000a54a     0x29ff Drivers/STM32F4xx_HAL_Driver/Src/stm32f4xx_hal_tim.o
 .debug_info    0x0000cf49     0x17d9 Drivers/STM32F4xx_HAL_Driver/Src/stm32f4xx_hal_tim_ex.o
 .debug_info    0x0000e722     0x19e3 Drivers/STM32F4xx_HAL_Driver/Src/stm32f4xx_hal_uart.o
 .debug_info    0x00010105     0x25c5 Src/main.o
 .debug_info    0x000126ca     0x1687 Src/stm32f4xx_hal_msp.o
 .debug_info    0x00013d51      0xa10 Src/stm32f4xx_it.o
 .debug_info    0x00014761      0xd4a Src/system_stm32f4xx.o
 .debug_info    0x000154ab       0x22 startup/startup_stm32f401xe.o

.debug_abbrev   0x00000000     0x284a
 .debug_abbrev  0x00000000      0x288 Drivers/BSP/STM32F4xx-Nucleo/stm32f4xx_nucleo.o
 .debug_abbrev  0x00000288      0x2a8 Drivers/BSP/X-NUCLEO-IHMxx/x_nucleo_ihm04a1_stm32f4xx.o
 .debug_abbrev  0x00000530      0x21b Drivers/BSP/X-NUCLEO-IHMxx/x_nucleo_ihmxx.o
 .debug_abbrev  0x0000074b      0x2ec Drivers/BSP/l6206/l6206.o
 .debug_abbrev  0x00000a37      0x2ba Drivers/STM32F4xx_HAL_Driver/Src/stm32f4xx_hal.o
 .debug_abbrev  0x00000cf1      0x39c Drivers/STM32F4xx_HAL_Driver/Src/stm32f4xx_hal_cortex.o
 .debug_abbrev  0x0000108d      0x286 Drivers/STM32F4xx_HAL_Driver/Src/stm32f4xx_hal_gpio.o
 .debug_abbrev  0x00001313      0x302 Drivers/STM32F4xx_HAL_Driver/Src/stm32f4xx_hal_rcc.o
 .debug_abbrev  0x00001615      0x2e7 Drivers/STM32F4xx_HAL_Driver/Src/stm32f4xx_hal_tim.o
 .debug_abbrev  0x000018fc      0x2c4 Drivers/STM32F4xx_HAL_Driver/Src/stm32f4xx_hal_tim_ex.o
 .debug_abbrev  0x00001bc0      0x2f7 Drivers/STM32F4xx_HAL_Driver/Src/stm32f4xx_hal_uart.o
 .debug_abbrev  0x00001eb7      0x339 Src/main.o
 .debug_abbrev  0x000021f0      0x280 Src/stm32f4xx_hal_msp.o
 .debug_abbrev  0x00002470      0x1c6 Src/stm32f4xx_it.o
 .debug_abbrev  0x00002636      0x202 Src/system_stm32f4xx.o
 .debug_abbrev  0x00002838       0x12 startup/startup_stm32f401xe.o

.debug_aranges  0x00000000      0xfc8
 .debug_aranges
                0x00000000       0x60 Drivers/BSP/STM32F4xx-Nucleo/stm32f4xx_nucleo.o
 .debug_aranges
                0x00000060       0x60 Drivers/BSP/X-NUCLEO-IHMxx/x_nucleo_ihm04a1_stm32f4xx.o
 .debug_aranges
                0x000000c0      0x320 Drivers/BSP/X-NUCLEO-IHMxx/x_nucleo_ihmxx.o
 .debug_aranges
                0x000003e0      0x100 Drivers/BSP/l6206/l6206.o
 .debug_aranges
                0x000004e0       0xe0 Drivers/STM32F4xx_HAL_Driver/Src/stm32f4xx_hal.o
 .debug_aranges
                0x000005c0      0x118 Drivers/STM32F4xx_HAL_Driver/Src/stm32f4xx_hal_cortex.o
 .debug_aranges
                0x000006d8       0x58 Drivers/STM32F4xx_HAL_Driver/Src/stm32f4xx_hal_gpio.o
 .debug_aranges
                0x00000730       0x88 Drivers/STM32F4xx_HAL_Driver/Src/stm32f4xx_hal_rcc.o
 .debug_aranges
                0x000007b8      0x368 Drivers/STM32F4xx_HAL_Driver/Src/stm32f4xx_hal_tim.o
 .debug_aranges
                0x00000b20      0x140 Drivers/STM32F4xx_HAL_Driver/Src/stm32f4xx_hal_tim_ex.o
 .debug_aranges
                0x00000c60      0x1d0 Drivers/STM32F4xx_HAL_Driver/Src/stm32f4xx_hal_uart.o
 .debug_aranges
                0x00000e30       0x88 Src/main.o
 .debug_aranges
                0x00000eb8       0x50 Src/stm32f4xx_hal_msp.o
 .debug_aranges
                0x00000f08       0x70 Src/stm32f4xx_it.o
 .debug_aranges
                0x00000f78       0x28 Src/system_stm32f4xx.o
 .debug_aranges
                0x00000fa0       0x28 startup/startup_stm32f401xe.o

.debug_ranges   0x00000000      0xee8
 .debug_ranges  0x00000000       0x50 Drivers/BSP/STM32F4xx-Nucleo/stm32f4xx_nucleo.o
 .debug_ranges  0x00000050       0x50 Drivers/BSP/X-NUCLEO-IHMxx/x_nucleo_ihm04a1_stm32f4xx.o
 .debug_ranges  0x000000a0      0x310 Drivers/BSP/X-NUCLEO-IHMxx/x_nucleo_ihmxx.o
 .debug_ranges  0x000003b0      0x108 Drivers/BSP/l6206/l6206.o
 .debug_ranges  0x000004b8       0xd0 Drivers/STM32F4xx_HAL_Driver/Src/stm32f4xx_hal.o
 .debug_ranges  0x00000588      0x108 Drivers/STM32F4xx_HAL_Driver/Src/stm32f4xx_hal_cortex.o
 .debug_ranges  0x00000690       0x48 Drivers/STM32F4xx_HAL_Driver/Src/stm32f4xx_hal_gpio.o
 .debug_ranges  0x000006d8       0x78 Drivers/STM32F4xx_HAL_Driver/Src/stm32f4xx_hal_rcc.o
 .debug_ranges  0x00000750      0x358 Drivers/STM32F4xx_HAL_Driver/Src/stm32f4xx_hal_tim.o
 .debug_ranges  0x00000aa8      0x130 Drivers/STM32F4xx_HAL_Driver/Src/stm32f4xx_hal_tim_ex.o
 .debug_ranges  0x00000bd8      0x1c0 Drivers/STM32F4xx_HAL_Driver/Src/stm32f4xx_hal_uart.o
 .debug_ranges  0x00000d98       0x78 Src/main.o
 .debug_ranges  0x00000e10       0x40 Src/stm32f4xx_hal_msp.o
 .debug_ranges  0x00000e50       0x60 Src/stm32f4xx_it.o
 .debug_ranges  0x00000eb0       0x18 Src/system_stm32f4xx.o
 .debug_ranges  0x00000ec8       0x20 startup/startup_stm32f401xe.o

.debug_line     0x00000000     0x7349
 .debug_line    0x00000000      0x463 Drivers/BSP/STM32F4xx-Nucleo/stm32f4xx_nucleo.o
 .debug_line    0x00000463      0x54f Drivers/BSP/X-NUCLEO-IHMxx/x_nucleo_ihm04a1_stm32f4xx.o
 .debug_line    0x000009b2      0xc34 Drivers/BSP/X-NUCLEO-IHMxx/x_nucleo_ihmxx.o
 .debug_line    0x000015e6      0x737 Drivers/BSP/l6206/l6206.o
 .debug_line    0x00001d1d      0x59f Drivers/STM32F4xx_HAL_Driver/Src/stm32f4xx_hal.o
 .debug_line    0x000022bc      0x6d9 Drivers/STM32F4xx_HAL_Driver/Src/stm32f4xx_hal_cortex.o
 .debug_line    0x00002995      0x569 Drivers/STM32F4xx_HAL_Driver/Src/stm32f4xx_hal_gpio.o
 .debug_line    0x00002efe      0x63e Drivers/STM32F4xx_HAL_Driver/Src/stm32f4xx_hal_rcc.o
 .debug_line    0x0000353c     0x1380 Drivers/STM32F4xx_HAL_Driver/Src/stm32f4xx_hal_tim.o
 .debug_line    0x000048bc      0x993 Drivers/STM32F4xx_HAL_Driver/Src/stm32f4xx_hal_tim_ex.o
 .debug_line    0x0000524f      0xcbf Drivers/STM32F4xx_HAL_Driver/Src/stm32f4xx_hal_uart.o
 .debug_line    0x00005f0e      0x7d1 Src/main.o
 .debug_line    0x000066df      0x4e0 Src/stm32f4xx_hal_msp.o
 .debug_line    0x00006bbf      0x3c3 Src/stm32f4xx_it.o
 .debug_line    0x00006f82      0x348 Src/system_stm32f4xx.o
 .debug_line    0x000072ca       0x7f startup/startup_stm32f401xe.o

.debug_str      0x00000000     0x4ff6
 .debug_str     0x00000000      0xc14 Drivers/BSP/STM32F4xx-Nucleo/stm32f4xx_nucleo.o
                                0xca4 (size before relaxing)
 .debug_str     0x00000c14      0x634 Drivers/BSP/X-NUCLEO-IHMxx/x_nucleo_ihm04a1_stm32f4xx.o
                               0x11b9 (size before relaxing)
 .debug_str     0x00001248      0xf9f Drivers/BSP/X-NUCLEO-IHMxx/x_nucleo_ihmxx.o
                               0x1658 (size before relaxing)
 .debug_str     0x000021e7      0x752 Drivers/BSP/l6206/l6206.o
                               0x14d8 (size before relaxing)
 .debug_str     0x00002939      0x34f Drivers/STM32F4xx_HAL_Driver/Src/stm32f4xx_hal.o
                                0xde6 (size before relaxing)
 .debug_str     0x00002c88      0x405 Drivers/STM32F4xx_HAL_Driver/Src/stm32f4xx_hal_cortex.o
                                0xef0 (size before relaxing)
 .debug_str     0x0000308d      0x13b Drivers/STM32F4xx_HAL_Driver/Src/stm32f4xx_hal_gpio.o
                                0x93a (size before relaxing)
 .debug_str     0x000031c8      0x2d9 Drivers/STM32F4xx_HAL_Driver/Src/stm32f4xx_hal_rcc.o
                                0xae6 (size before relaxing)
 .debug_str     0x000034a1      0xcb4 Drivers/STM32F4xx_HAL_Driver/Src/stm32f4xx_hal_tim.o
                               0x1798 (size before relaxing)
 .debug_str     0x00004155      0x4f9 Drivers/STM32F4xx_HAL_Driver/Src/stm32f4xx_hal_tim_ex.o
                               0x1053 (size before relaxing)
 .debug_str     0x0000464e      0x6d6 Drivers/STM32F4xx_HAL_Driver/Src/stm32f4xx_hal_uart.o
                                0xfc4 (size before relaxing)
 .debug_str     0x00004d24      0x159 Src/main.o
                               0x1fae (size before relaxing)
 .debug_str     0x00004e7d       0x38 Src/stm32f4xx_hal_msp.o
                               0x116e (size before relaxing)
 .debug_str     0x00004eb5       0xcc Src/stm32f4xx_it.o
                                0x6cc (size before relaxing)
 .debug_str     0x00004f81       0x45 Src/system_stm32f4xx.o
                                0x79e (size before relaxing)
 .debug_str     0x00004fc6       0x30 startup/startup_stm32f401xe.o
                                 0x6f (size before relaxing)

.comment        0x00000000       0x7e
 .comment       0x00000000       0x7e Drivers/BSP/STM32F4xx-Nucleo/stm32f4xx_nucleo.o
                                 0x7f (size before relaxing)
 .comment       0x0000007e       0x7f Drivers/BSP/X-NUCLEO-IHMxx/x_nucleo_ihm04a1_stm32f4xx.o
 .comment       0x0000007e       0x7f Drivers/BSP/X-NUCLEO-IHMxx/x_nucleo_ihmxx.o
 .comment       0x0000007e       0x7f Drivers/BSP/l6206/l6206.o
 .comment       0x0000007e       0x7f Drivers/STM32F4xx_HAL_Driver/Src/stm32f4xx_hal.o
 .comment       0x0000007e       0x7f Drivers/STM32F4xx_HAL_Driver/Src/stm32f4xx_hal_cortex.o
 .comment       0x0000007e       0x7f Drivers/STM32F4xx_HAL_Driver/Src/stm32f4xx_hal_gpio.o
 .comment       0x0000007e       0x7f Drivers/STM32F4xx_HAL_Driver/Src/stm32f4xx_hal_rcc.o
 .comment       0x0000007e       0x7f Drivers/STM32F4xx_HAL_Driver/Src/stm32f4xx_hal_tim.o
 .comment       0x0000007e       0x7f Drivers/STM32F4xx_HAL_Driver/Src/stm32f4xx_hal_tim_ex.o
 .comment       0x0000007e       0x7f Drivers/STM32F4xx_HAL_Driver/Src/stm32f4xx_hal_uart.o
 .comment       0x0000007e       0x7f Src/main.o
 .comment       0x0000007e       0x7f Src/stm32f4xx_hal_msp.o
 .comment       0x0000007e       0x7f Src/stm32f4xx_it.o
 .comment       0x0000007e       0x7f Src/system_stm32f4xx.o

.debug_frame    0x00000000     0x49e0
 .debug_frame   0x00000000      0x150 Drivers/BSP/STM32F4xx-Nucleo/stm32f4xx_nucleo.o
 .debug_frame   0x00000150      0x154 Drivers/BSP/X-NUCLEO-IHMxx/x_nucleo_ihm04a1_stm32f4xx.o
 .debug_frame   0x000002a4      0xd5c Drivers/BSP/X-NUCLEO-IHMxx/x_nucleo_ihmxx.o
 .debug_frame   0x00001000      0x438 Drivers/BSP/l6206/l6206.o
 .debug_frame   0x00001438      0x33c Drivers/STM32F4xx_HAL_Driver/Src/stm32f4xx_hal.o
 .debug_frame   0x00001774      0x498 Drivers/STM32F4xx_HAL_Driver/Src/stm32f4xx_hal_cortex.o
 .debug_frame   0x00001c0c      0x14c Drivers/STM32F4xx_HAL_Driver/Src/stm32f4xx_hal_gpio.o
 .debug_frame   0x00001d58      0x1f0 Drivers/STM32F4xx_HAL_Driver/Src/stm32f4xx_hal_rcc.o
 .debug_frame   0x00001f48      0xfb4 Drivers/STM32F4xx_HAL_Driver/Src/stm32f4xx_hal_tim.o
 .debug_frame   0x00002efc      0x574 Drivers/STM32F4xx_HAL_Driver/Src/stm32f4xx_hal_tim_ex.o
 .debug_frame   0x00003470      0x83c Drivers/STM32F4xx_HAL_Driver/Src/stm32f4xx_hal_uart.o
 .debug_frame   0x00003cac      0x1d0 Src/main.o
 .debug_frame   0x00003e7c      0x110 Src/stm32f4xx_hal_msp.o
 .debug_frame   0x00003f8c      0x144 Src/stm32f4xx_it.o
 .debug_frame   0x000040d0       0x58 Src/system_stm32f4xx.o
 .debug_frame   0x00004128       0x2c c:/ac6/systemworkbench/plugins/fr.ac6.mcu.externaltools.arm-none.win32_1.16.0.201807130628/tools/compiler/bin/../lib/gcc/arm-none-eabi/7.2.1/thumb/v7e-m/fpv4-sp/hard\libgcc.a(_aeabi_uldivmod.o)
 .debug_frame   0x00004154       0x34 c:/ac6/systemworkbench/plugins/fr.ac6.mcu.externaltools.arm-none.win32_1.16.0.201807130628/tools/compiler/bin/../lib/gcc/arm-none-eabi/7.2.1/thumb/v7e-m/fpv4-sp/hard\libgcc.a(_udivmoddi4.o)
 .debug_frame   0x00004188       0x20 c:/ac6/systemworkbench/plugins/fr.ac6.mcu.externaltools.arm-none.win32_1.16.0.201807130628/tools/compiler/bin/../lib/gcc/arm-none-eabi/7.2.1/../../../../arm-none-eabi/lib/thumb/v7e-m/fpv4-sp/hard\libc_nano.a(lib_a-errno.o)
 .debug_frame   0x000041a8       0x2c c:/ac6/systemworkbench/plugins/fr.ac6.mcu.externaltools.arm-none.win32_1.16.0.201807130628/tools/compiler/bin/../lib/gcc/arm-none-eabi/7.2.1/../../../../arm-none-eabi/lib/thumb/v7e-m/fpv4-sp/hard\libc_nano.a(lib_a-init.o)
 .debug_frame   0x000041d4       0x28 c:/ac6/systemworkbench/plugins/fr.ac6.mcu.externaltools.arm-none.win32_1.16.0.201807130628/tools/compiler/bin/../lib/gcc/arm-none-eabi/7.2.1/../../../../arm-none-eabi/lib/thumb/v7e-m/fpv4-sp/hard\libc_nano.a(lib_a-memcpy-stub.o)
 .debug_frame   0x000041fc       0x20 c:/ac6/systemworkbench/plugins/fr.ac6.mcu.externaltools.arm-none.win32_1.16.0.201807130628/tools/compiler/bin/../lib/gcc/arm-none-eabi/7.2.1/../../../../arm-none-eabi/lib/thumb/v7e-m/fpv4-sp/hard\libc_nano.a(lib_a-memset.o)
 .debug_frame   0x0000421c       0x74 c:/ac6/systemworkbench/plugins/fr.ac6.mcu.externaltools.arm-none.win32_1.16.0.201807130628/tools/compiler/bin/../lib/gcc/arm-none-eabi/7.2.1/../../../../arm-none-eabi/lib/thumb/v7e-m/fpv4-sp/hard\libc_nano.a(lib_a-printf.o)
 .debug_frame   0x00004290       0x3c c:/ac6/systemworkbench/plugins/fr.ac6.mcu.externaltools.arm-none.win32_1.16.0.201807130628/tools/compiler/bin/../lib/gcc/arm-none-eabi/7.2.1/../../../../arm-none-eabi/lib/thumb/v7e-m/fpv4-sp/hard\libc_nano.a(lib_a-puts.o)
 .debug_frame   0x000042cc       0x40 c:/ac6/systemworkbench/plugins/fr.ac6.mcu.externaltools.arm-none.win32_1.16.0.201807130628/tools/compiler/bin/../lib/gcc/arm-none-eabi/7.2.1/../../../../arm-none-eabi/lib/thumb/v7e-m/fpv4-sp/hard\libc_nano.a(lib_a-wbuf.o)
 .debug_frame   0x0000430c       0x2c c:/ac6/systemworkbench/plugins/fr.ac6.mcu.externaltools.arm-none.win32_1.16.0.201807130628/tools/compiler/bin/../lib/gcc/arm-none-eabi/7.2.1/../../../../arm-none-eabi/lib/thumb/v7e-m/fpv4-sp/hard\libc_nano.a(lib_a-wsetup.o)
 .debug_frame   0x00004338       0x68 c:/ac6/systemworkbench/plugins/fr.ac6.mcu.externaltools.arm-none.win32_1.16.0.201807130628/tools/compiler/bin/../lib/gcc/arm-none-eabi/7.2.1/../../../../arm-none-eabi/lib/thumb/v7e-m/fpv4-sp/hard\libc_nano.a(lib_a-fflush.o)
 .debug_frame   0x000043a0      0x11c c:/ac6/systemworkbench/plugins/fr.ac6.mcu.externaltools.arm-none.win32_1.16.0.201807130628/tools/compiler/bin/../lib/gcc/arm-none-eabi/7.2.1/../../../../arm-none-eabi/lib/thumb/v7e-m/fpv4-sp/hard\libc_nano.a(lib_a-findfp.o)
 .debug_frame   0x000044bc       0x54 c:/ac6/systemworkbench/plugins/fr.ac6.mcu.externaltools.arm-none.win32_1.16.0.201807130628/tools/compiler/bin/../lib/gcc/arm-none-eabi/7.2.1/../../../../arm-none-eabi/lib/thumb/v7e-m/fpv4-sp/hard\libc_nano.a(lib_a-fwalk.o)
 .debug_frame   0x00004510       0x58 c:/ac6/systemworkbench/plugins/fr.ac6.mcu.externaltools.arm-none.win32_1.16.0.201807130628/tools/compiler/bin/../lib/gcc/arm-none-eabi/7.2.1/../../../../arm-none-eabi/lib/thumb/v7e-m/fpv4-sp/hard\libc_nano.a(lib_a-makebuf.o)
 .debug_frame   0x00004568       0x38 c:/ac6/systemworkbench/plugins/fr.ac6.mcu.externaltools.arm-none.win32_1.16.0.201807130628/tools/compiler/bin/../lib/gcc/arm-none-eabi/7.2.1/../../../../arm-none-eabi/lib/thumb/v7e-m/fpv4-sp/hard\libc_nano.a(lib_a-nano-freer.o)
 .debug_frame   0x000045a0       0x2c c:/ac6/systemworkbench/plugins/fr.ac6.mcu.externaltools.arm-none.win32_1.16.0.201807130628/tools/compiler/bin/../lib/gcc/arm-none-eabi/7.2.1/../../../../arm-none-eabi/lib/thumb/v7e-m/fpv4-sp/hard\libc_nano.a(lib_a-nano-mallocr.o)
 .debug_frame   0x000045cc       0xac c:/ac6/systemworkbench/plugins/fr.ac6.mcu.externaltools.arm-none.win32_1.16.0.201807130628/tools/compiler/bin/../lib/gcc/arm-none-eabi/7.2.1/../../../../arm-none-eabi/lib/thumb/v7e-m/fpv4-sp/hard\libc_nano.a(lib_a-nano-vfprintf.o)
 .debug_frame   0x00004678       0x60 c:/ac6/systemworkbench/plugins/fr.ac6.mcu.externaltools.arm-none.win32_1.16.0.201807130628/tools/compiler/bin/../lib/gcc/arm-none-eabi/7.2.1/../../../../arm-none-eabi/lib/thumb/v7e-m/fpv4-sp/hard\libc_nano.a(lib_a-nano-vfprintf_i.o)
 .debug_frame   0x000046d8       0x2c c:/ac6/systemworkbench/plugins/fr.ac6.mcu.externaltools.arm-none.win32_1.16.0.201807130628/tools/compiler/bin/../lib/gcc/arm-none-eabi/7.2.1/../../../../arm-none-eabi/lib/thumb/v7e-m/fpv4-sp/hard\libc_nano.a(lib_a-sbrkr.o)
 .debug_frame   0x00004704       0x88 c:/ac6/systemworkbench/plugins/fr.ac6.mcu.externaltools.arm-none.win32_1.16.0.201807130628/tools/compiler/bin/../lib/gcc/arm-none-eabi/7.2.1/../../../../arm-none-eabi/lib/thumb/v7e-m/fpv4-sp/hard\libc_nano.a(lib_a-stdio.o)
 .debug_frame   0x0000478c       0x2c c:/ac6/systemworkbench/plugins/fr.ac6.mcu.externaltools.arm-none.win32_1.16.0.201807130628/tools/compiler/bin/../lib/gcc/arm-none-eabi/7.2.1/../../../../arm-none-eabi/lib/thumb/v7e-m/fpv4-sp/hard\libc_nano.a(lib_a-writer.o)
 .debug_frame   0x000047b8       0x2c c:/ac6/systemworkbench/plugins/fr.ac6.mcu.externaltools.arm-none.win32_1.16.0.201807130628/tools/compiler/bin/../lib/gcc/arm-none-eabi/7.2.1/../../../../arm-none-eabi/lib/thumb/v7e-m/fpv4-sp/hard\libc_nano.a(lib_a-closer.o)
 .debug_frame   0x000047e4       0x2c c:/ac6/systemworkbench/plugins/fr.ac6.mcu.externaltools.arm-none.win32_1.16.0.201807130628/tools/compiler/bin/../lib/gcc/arm-none-eabi/7.2.1/../../../../arm-none-eabi/lib/thumb/v7e-m/fpv4-sp/hard\libc_nano.a(lib_a-fstatr.o)
 .debug_frame   0x00004810       0x2c c:/ac6/systemworkbench/plugins/fr.ac6.mcu.externaltools.arm-none.win32_1.16.0.201807130628/tools/compiler/bin/../lib/gcc/arm-none-eabi/7.2.1/../../../../arm-none-eabi/lib/thumb/v7e-m/fpv4-sp/hard\libc_nano.a(lib_a-isattyr.o)
 .debug_frame   0x0000483c       0x2c c:/ac6/systemworkbench/plugins/fr.ac6.mcu.externaltools.arm-none.win32_1.16.0.201807130628/tools/compiler/bin/../lib/gcc/arm-none-eabi/7.2.1/../../../../arm-none-eabi/lib/thumb/v7e-m/fpv4-sp/hard\libc_nano.a(lib_a-lseekr.o)
 .debug_frame   0x00004868       0x30 c:/ac6/systemworkbench/plugins/fr.ac6.mcu.externaltools.arm-none.win32_1.16.0.201807130628/tools/compiler/bin/../lib/gcc/arm-none-eabi/7.2.1/../../../../arm-none-eabi/lib/thumb/v7e-m/fpv4-sp/hard\libc_nano.a(lib_a-mlock.o)
 .debug_frame   0x00004898       0x2c c:/ac6/systemworkbench/plugins/fr.ac6.mcu.externaltools.arm-none.win32_1.16.0.201807130628/tools/compiler/bin/../lib/gcc/arm-none-eabi/7.2.1/../../../../arm-none-eabi/lib/thumb/v7e-m/fpv4-sp/hard\libc_nano.a(lib_a-readr.o)
 .debug_frame   0x000048c4       0x5c c:/ac6/systemworkbench/plugins/fr.ac6.mcu.externaltools.arm-none.win32_1.16.0.201807130628/tools/compiler/bin/../lib/gcc/arm-none-eabi/7.2.1/../../../../arm-none-eabi/lib/thumb/v7e-m/fpv4-sp/hard\libc_nano.a(lib_a-reent.o)
 .debug_frame   0x00004920       0x20 c:/ac6/systemworkbench/plugins/fr.ac6.mcu.externaltools.arm-none.win32_1.16.0.201807130628/tools/compiler/bin/../lib/gcc/arm-none-eabi/7.2.1/../../../../arm-none-eabi/lib/thumb/v7e-m/fpv4-sp/hard\libnosys.a(close.o)
 .debug_frame   0x00004940       0x20 c:/ac6/systemworkbench/plugins/fr.ac6.mcu.externaltools.arm-none.win32_1.16.0.201807130628/tools/compiler/bin/../lib/gcc/arm-none-eabi/7.2.1/../../../../arm-none-eabi/lib/thumb/v7e-m/fpv4-sp/hard\libnosys.a(fstat.o)
 .debug_frame   0x00004960       0x20 c:/ac6/systemworkbench/plugins/fr.ac6.mcu.externaltools.arm-none.win32_1.16.0.201807130628/tools/compiler/bin/../lib/gcc/arm-none-eabi/7.2.1/../../../../arm-none-eabi/lib/thumb/v7e-m/fpv4-sp/hard\libnosys.a(isatty.o)
 .debug_frame   0x00004980       0x20 c:/ac6/systemworkbench/plugins/fr.ac6.mcu.externaltools.arm-none.win32_1.16.0.201807130628/tools/compiler/bin/../lib/gcc/arm-none-eabi/7.2.1/../../../../arm-none-eabi/lib/thumb/v7e-m/fpv4-sp/hard\libnosys.a(lseek.o)
 .debug_frame   0x000049a0       0x20 c:/ac6/systemworkbench/plugins/fr.ac6.mcu.externaltools.arm-none.win32_1.16.0.201807130628/tools/compiler/bin/../lib/gcc/arm-none-eabi/7.2.1/../../../../arm-none-eabi/lib/thumb/v7e-m/fpv4-sp/hard\libnosys.a(read.o)
 .debug_frame   0x000049c0       0x20 c:/ac6/systemworkbench/plugins/fr.ac6.mcu.externaltools.arm-none.win32_1.16.0.201807130628/tools/compiler/bin/../lib/gcc/arm-none-eabi/7.2.1/../../../../arm-none-eabi/lib/thumb/v7e-m/fpv4-sp/hard\libnosys.a(sbrk.o)

.stab           0x00000000       0x84
 .stab          0x00000000       0x24 c:/ac6/systemworkbench/plugins/fr.ac6.mcu.externaltools.arm-none.win32_1.16.0.201807130628/tools/compiler/bin/../lib/gcc/arm-none-eabi/7.2.1/../../../../arm-none-eabi/lib/thumb/v7e-m/fpv4-sp/hard\libnosys.a(close.o)
 .stab          0x00000024       0x18 c:/ac6/systemworkbench/plugins/fr.ac6.mcu.externaltools.arm-none.win32_1.16.0.201807130628/tools/compiler/bin/../lib/gcc/arm-none-eabi/7.2.1/../../../../arm-none-eabi/lib/thumb/v7e-m/fpv4-sp/hard\libnosys.a(fstat.o)
                                 0x24 (size before relaxing)
 .stab          0x0000003c       0x18 c:/ac6/systemworkbench/plugins/fr.ac6.mcu.externaltools.arm-none.win32_1.16.0.201807130628/tools/compiler/bin/../lib/gcc/arm-none-eabi/7.2.1/../../../../arm-none-eabi/lib/thumb/v7e-m/fpv4-sp/hard\libnosys.a(isatty.o)
                                 0x24 (size before relaxing)
 .stab          0x00000054       0x18 c:/ac6/systemworkbench/plugins/fr.ac6.mcu.externaltools.arm-none.win32_1.16.0.201807130628/tools/compiler/bin/../lib/gcc/arm-none-eabi/7.2.1/../../../../arm-none-eabi/lib/thumb/v7e-m/fpv4-sp/hard\libnosys.a(lseek.o)
                                 0x24 (size before relaxing)
 .stab          0x0000006c       0x18 c:/ac6/systemworkbench/plugins/fr.ac6.mcu.externaltools.arm-none.win32_1.16.0.201807130628/tools/compiler/bin/../lib/gcc/arm-none-eabi/7.2.1/../../../../arm-none-eabi/lib/thumb/v7e-m/fpv4-sp/hard\libnosys.a(read.o)
                                 0x24 (size before relaxing)

.stabstr        0x00000000      0x117
 .stabstr       0x00000000      0x117 c:/ac6/systemworkbench/plugins/fr.ac6.mcu.externaltools.arm-none.win32_1.16.0.201807130628/tools/compiler/bin/../lib/gcc/arm-none-eabi/7.2.1/../../../../arm-none-eabi/lib/thumb/v7e-m/fpv4-sp/hard\libnosys.a(close.o)